EN ud_counter NULL C:/Users/Alessandro/Desktop/EFES_Fpga/UartDriver/ud_counter.vhd sub00/vhpl09 1572967934
AR hardwiredreg behavioral C:/Users/Alessandro/Desktop/EFES_Fpga/UartDriver/HardwiredReg.vhd sub00/vhpl12 1572967951
EN t_ff_rst0 NULL C:/Users/Alessandro/Desktop/EFES_Fpga/UartDriver/t_ff.vhd sub00/vhpl05 1572967928
EN mux_bit NULL C:/Users/Alessandro/Desktop/EFES_Fpga/UartDriver/Mux_Bit.vhd sub00/vhpl42 1572967946
EN t_ff_rst1 NULL C:/Users/Alessandro/Desktop/EFES_Fpga/UartDriver/t_ff_rst1.vhd sub00/vhpl07 1572865292
AR uartdrivertx structural C:/Users/Alessandro/Desktop/EFES_Fpga/UartDriver/UartDriver.vhd sub00/vhpl02 1572879147
EN norgate_nx1 NULL C:/Users/Alessandro/Desktop/EFES_Fpga/UartDriver/NORGate_NX1.vhd sub00/vhpl27 1572967940
EN d_ff_rst NULL C:/Users/Alessandro/Desktop/EFES_Fpga/UartDriver/D_FF_rst.vhd sub00/vhpl40 1572967944
AR mux_1bit_2x1 behavioral C:/Users/Alessandro/Desktop/EFES_Fpga/UartDriver/Mux_1Bit_2X1.vhd sub00/vhpl35 1572967933
AR uart_fifo behavioral C:/Users/Alessandro/Desktop/EFES_Fpga/UartDriver/UART_Fifo.vhd sub00/vhpl39 1572967967
AR t_ff_rst0 behavioral C:/Users/Alessandro/Desktop/EFES_Fpga/UartDriver/t_ff.vhd sub00/vhpl06 1572967929
AR uart_synchronizer behavioral C:/Users/Alessandro/Desktop/EFES_Fpga/UartDriver/UART_Synchronizer.vhd sub00/vhpl31 1572967965
AR reg1bit behavioral C:/Users/Alessandro/Desktop/EFES_Fpga/UartDriver/Reg1Bit.vhd sub00/vhpl21 1572967955
PH constants NULL C:/Users/Alessandro/Desktop/EFES_Fpga/UartDriver/constants.vhd sub00/vhpl13 1572967926
AR clock_divider behavioral C:/Users/Alessandro/Desktop/EFES_Fpga/UartDriver/Clock_divider.vhd sub00/vhpl04 1572864841
AR comparatorwithenable behavioral C:/Users/Alessandro/Desktop/EFES_Fpga/UartDriver/ComparatorWithEnable.vhd sub00/vhpl16 1572967943
EN hardwiredreg NULL C:/Users/Alessandro/Desktop/EFES_Fpga/UartDriver/HardwiredReg.vhd sub00/vhpl11 1572967950
AR ud_counter str C:/Users/Alessandro/Desktop/EFES_Fpga/UartDriver/ud_counter.vhd sub00/vhpl10 1572967935
AR mux_bit behavioral C:/Users/Alessandro/Desktop/EFES_Fpga/UartDriver/Mux_Bit.vhd sub00/vhpl43 1572967947
EN clock_divider NULL C:/Users/Alessandro/Desktop/EFES_Fpga/UartDriver/Clock_divider.vhd sub00/vhpl03 1572967962
PB constants constants C:/Users/Alessandro/Desktop/EFES_Fpga/UartDriver/constants.vhd sub00/vhpl14 1572967927
EN cu_satcounter NULL C:/Users/Alessandro/Desktop/EFES_Fpga/UartDriver/CU_SatCounter.vhd sub00/vhpl23 1572967936
EN xnorgate_nx1 NULL C:/Users/Alessandro/Desktop/EFES_Fpga/UartDriver/XNORGate_NX1.vhd sub00/vhpl44 1572967958
EN andgate_nx1 NULL C:/Users/Alessandro/Desktop/EFES_Fpga/UartDriver/ANDGate_NX1.vhd sub00/vhpl25 1572967938
AR clock_divider structural C:/Users/Alessandro/Desktop/EFES_Fpga/UartDriver/Clock_divider.vhd sub00/vhpl19 1572967963
AR t_ff_rst1 behavioral C:/Users/Alessandro/Desktop/EFES_Fpga/UartDriver/t_ff_rst1.vhd sub00/vhpl08 1572865293
EN comparatorwithenable NULL C:/Users/Alessandro/Desktop/EFES_Fpga/UartDriver/ComparatorWithEnable.vhd sub00/vhpl15 1572967942
AR ncomparatorwithenable behavioral C:/Users/Alessandro/Desktop/EFES_Fpga/UartDriver/NComparatorWithEnable.vhd sub00/vhpl18 1572967957
AR comparator structural C:/Users/Alessandro/Desktop/EFES_Fpga/UartDriver/Comparator.vhd sub00/vhpl37 1572967953
EN nregister NULL C:/Users/Alessandro/Desktop/EFES_Fpga/UartDriver/NRegister.vhd sub00/vhpl46 1572967960
EN uart_fifo NULL C:/Users/Alessandro/Desktop/EFES_Fpga/UartDriver/UART_Fifo.vhd sub00/vhpl38 1572967966
EN uart_synchronizer NULL C:/Users/Alessandro/Desktop/EFES_Fpga/UartDriver/UART_Synchronizer.vhd sub00/vhpl22 1572967964
AR uartdrivertx behavioral C:/Users/Alessandro/Desktop/EFES_Fpga/UartDriver/UartDriver.vhd sub00/vhpl01 1572967969
AR d_ff_rst behavioral C:/Users/Alessandro/Desktop/EFES_Fpga/UartDriver/D_FF_rst.vhd sub00/vhpl41 1572967945
AR norgate_nx1 behavioral C:/Users/Alessandro/Desktop/EFES_Fpga/UartDriver/NORGate_NX1.vhd sub00/vhpl28 1572967941
AR sat_counter structural C:/Users/Alessandro/Desktop/EFES_Fpga/UartDriver/SAT_Counter_BMM.vhd sub00/vhpl30 1572967949
EN uartdrivertx NULL C:/Users/Alessandro/Desktop/EFES_Fpga/UartDriver/UartDriver.vhd sub00/vhpl00 1572967968
EN sat_counter NULL C:/Users/Alessandro/Desktop/EFES_Fpga/UartDriver/SAT_Counter_BMM.vhd sub00/vhpl29 1572967948
EN ncomparatorwithenable NULL C:/Users/Alessandro/Desktop/EFES_Fpga/UartDriver/NComparatorWithEnable.vhd sub00/vhpl17 1572967956
EN orgate_nx1 NULL C:/Users/Alessandro/Desktop/EFES_Fpga/UartDriver/ORGate_NX1.vhd sub00/vhpl32 1572967930
AR cu_satcounter behavioral C:/Users/Alessandro/Desktop/EFES_Fpga/UartDriver/CU_SatCounter.vhd sub00/vhpl24 1572967937
AR xnorgate_nx1 behavioral C:/Users/Alessandro/Desktop/EFES_Fpga/UartDriver/XNORGate_NX1.vhd sub00/vhpl45 1572967959
EN comparator NULL C:/Users/Alessandro/Desktop/EFES_Fpga/UartDriver/Comparator.vhd sub00/vhpl36 1572967952
EN mux_1bit_2x1 NULL C:/Users/Alessandro/Desktop/EFES_Fpga/UartDriver/Mux_1Bit_2X1.vhd sub00/vhpl34 1572967932
AR nregister behavioral C:/Users/Alessandro/Desktop/EFES_Fpga/UartDriver/NRegister.vhd sub00/vhpl47 1572967961
EN reg1bit NULL C:/Users/Alessandro/Desktop/EFES_Fpga/UartDriver/Reg1Bit.vhd sub00/vhpl20 1572967954
AR andgate_nx1 behavioral C:/Users/Alessandro/Desktop/EFES_Fpga/UartDriver/ANDGate_NX1.vhd sub00/vhpl26 1572967939
AR orgate_nx1 behavioral C:/Users/Alessandro/Desktop/EFES_Fpga/UartDriver/ORGate_NX1.vhd sub00/vhpl33 1572967931
