EN ud_counter NULL C:/Users/Alessandro/Desktop/EFES_Fpga/UartDriver/ud_counter.vhd sub00/vhpl09 1572886586
AR hardwiredreg behavioral C:/Users/Alessandro/Desktop/EFES_Fpga/UartDriver/HardwiredReg.vhd sub00/vhpl12 1572886597
EN t_ff_rst0 NULL C:/Users/Alessandro/Desktop/EFES_Fpga/UartDriver/t_ff.vhd sub00/vhpl05 1572886580
EN t_ff_rst1 NULL C:/Users/Alessandro/Desktop/EFES_Fpga/UartDriver/t_ff_rst1.vhd sub00/vhpl07 1572865292
AR uartdrivertx structural C:/Users/Alessandro/Desktop/EFES_Fpga/UartDriver/UartDriver.vhd sub00/vhpl02 1572879147
EN norgate_nx1 NULL C:/Users/Alessandro/Desktop/EFES_Fpga/UartDriver/NORGate_NX1.vhd sub00/vhpl27 1572886592
AR mux_1bit_2x1 behavioral C:/Users/Alessandro/Desktop/EFES_Fpga/UartDriver/Mux_1Bit_2X1.vhd sub00/vhpl35 1572886585
AR t_ff_rst0 behavioral C:/Users/Alessandro/Desktop/EFES_Fpga/UartDriver/t_ff.vhd sub00/vhpl06 1572886581
AR uart_synchronizer behavioral C:/Users/Alessandro/Desktop/EFES_Fpga/UartDriver/UART_Synchronizer.vhd sub00/vhpl31 1572886601
AR reg1bit behavioral C:/Users/Alessandro/Desktop/EFES_Fpga/UartDriver/Reg1Bit.vhd sub00/vhpl21 1572879134
PH constants NULL C:/Users/Alessandro/Desktop/EFES_Fpga/UartDriver/constants.vhd sub00/vhpl13 1572886578
AR clock_divider behavioral C:/Users/Alessandro/Desktop/EFES_Fpga/UartDriver/Clock_divider.vhd sub00/vhpl04 1572864841
AR comparatorwithenable behavioral C:/Users/Alessandro/Desktop/EFES_Fpga/UartDriver/ComparatorWithEnable.vhd sub00/vhpl16 1572879130
EN hardwiredreg NULL C:/Users/Alessandro/Desktop/EFES_Fpga/UartDriver/HardwiredReg.vhd sub00/vhpl11 1572886596
AR ud_counter str C:/Users/Alessandro/Desktop/EFES_Fpga/UartDriver/ud_counter.vhd sub00/vhpl10 1572886587
EN clock_divider NULL C:/Users/Alessandro/Desktop/EFES_Fpga/UartDriver/Clock_divider.vhd sub00/vhpl03 1572879141
PB constants constants C:/Users/Alessandro/Desktop/EFES_Fpga/UartDriver/constants.vhd sub00/vhpl14 1572886579
EN cu_satcounter NULL C:/Users/Alessandro/Desktop/EFES_Fpga/UartDriver/CU_SatCounter.vhd sub00/vhpl23 1572886588
EN andgate_nx1 NULL C:/Users/Alessandro/Desktop/EFES_Fpga/UartDriver/ANDGate_NX1.vhd sub00/vhpl25 1572886590
AR clock_divider structural C:/Users/Alessandro/Desktop/EFES_Fpga/UartDriver/Clock_divider.vhd sub00/vhpl19 1572879142
AR t_ff_rst1 behavioral C:/Users/Alessandro/Desktop/EFES_Fpga/UartDriver/t_ff_rst1.vhd sub00/vhpl08 1572865293
EN comparatorwithenable NULL C:/Users/Alessandro/Desktop/EFES_Fpga/UartDriver/ComparatorWithEnable.vhd sub00/vhpl15 1572879129
AR ncomparatorwithenable behavioral C:/Users/Alessandro/Desktop/EFES_Fpga/UartDriver/NComparatorWithEnable.vhd sub00/vhpl18 1572879140
AR comparator structural C:/Users/Alessandro/Desktop/EFES_Fpga/UartDriver/Comparator.vhd sub00/vhpl37 1572886599
EN uart_synchronizer NULL C:/Users/Alessandro/Desktop/EFES_Fpga/UartDriver/UART_Synchronizer.vhd sub00/vhpl22 1572886600
AR uartdrivertx behavioral C:/Users/Alessandro/Desktop/EFES_Fpga/UartDriver/UartDriver.vhd sub00/vhpl01 1572879209
AR norgate_nx1 behavioral C:/Users/Alessandro/Desktop/EFES_Fpga/UartDriver/NORGate_NX1.vhd sub00/vhpl28 1572886593
AR sat_counter structural C:/Users/Alessandro/Desktop/EFES_Fpga/UartDriver/SAT_Counter_BMM.vhd sub00/vhpl30 1572886595
EN uartdrivertx NULL C:/Users/Alessandro/Desktop/EFES_Fpga/UartDriver/UartDriver.vhd sub00/vhpl00 1572879208
EN sat_counter NULL C:/Users/Alessandro/Desktop/EFES_Fpga/UartDriver/SAT_Counter_BMM.vhd sub00/vhpl29 1572886594
EN ncomparatorwithenable NULL C:/Users/Alessandro/Desktop/EFES_Fpga/UartDriver/NComparatorWithEnable.vhd sub00/vhpl17 1572879139
EN orgate_nx1 NULL C:/Users/Alessandro/Desktop/EFES_Fpga/UartDriver/ORGate_NX1.vhd sub00/vhpl32 1572886582
AR cu_satcounter behavioral C:/Users/Alessandro/Desktop/EFES_Fpga/UartDriver/CU_SatCounter.vhd sub00/vhpl24 1572886589
EN comparator NULL C:/Users/Alessandro/Desktop/EFES_Fpga/UartDriver/Comparator.vhd sub00/vhpl36 1572886598
EN mux_1bit_2x1 NULL C:/Users/Alessandro/Desktop/EFES_Fpga/UartDriver/Mux_1Bit_2X1.vhd sub00/vhpl34 1572886584
EN reg1bit NULL C:/Users/Alessandro/Desktop/EFES_Fpga/UartDriver/Reg1Bit.vhd sub00/vhpl20 1572879133
AR andgate_nx1 behavioral C:/Users/Alessandro/Desktop/EFES_Fpga/UartDriver/ANDGate_NX1.vhd sub00/vhpl26 1572886591
AR orgate_nx1 behavioral C:/Users/Alessandro/Desktop/EFES_Fpga/UartDriver/ORGate_NX1.vhd sub00/vhpl33 1572886583
