EN ud_counter NULL C:/Users/Alessandro/Desktop/EFES_Fpga/Project/ud_counter.vhd sub00/vhpl16 1573049948
AR hardwiredreg behavioral C:/Users/Alessandro/Desktop/EFES_Fpga/Project/HardwiredReg.vhd sub00/vhpl33 1573049965
EN t_ff_rst0 NULL C:/Users/Alessandro/Desktop/EFES_Fpga/Project/t_ff.vhd sub00/vhpl12 1573049942
EN mux_bit NULL C:/Users/Alessandro/Desktop/EFES_Fpga/Project/Mux_Bit.vhd sub00/vhpl28 1573049960
EN norgate_nx1 NULL C:/Users/Alessandro/Desktop/EFES_Fpga/Project/NORGate_NX1.vhd sub00/vhpl22 1573049954
EN d_ff_rst NULL C:/Users/Alessandro/Desktop/EFES_Fpga/Project/D_FF_rst.vhd sub00/vhpl26 1573049958
AR efes_fpga_top structural C:/Users/Alessandro/Desktop/EFES_Fpga/Project/EFES_Fpga_Top.vhd sub00/vhpl01 1573049987
AR mux_1bit_2x1 behavioral C:/Users/Alessandro/Desktop/EFES_Fpga/Project/Mux_1Bit_2X1.vhd sub00/vhpl15 1573049947
AR uart_fifo behavioral C:/Users/Alessandro/Desktop/EFES_Fpga/Project/UART_Fifo.vhd sub00/vhpl45 1573049979
AR t_ff_rst0 behavioral C:/Users/Alessandro/Desktop/EFES_Fpga/Project/t_ff.vhd sub00/vhpl13 1573049943
EN eightbuttondriver NULL C:/Users/Alessandro/Desktop/EFES_Fpga/Project/EightButtonDriver.vhd sub00/vhpl10 1573049982
AR uart_synchronizer behavioral C:/Users/Alessandro/Desktop/EFES_Fpga/Project/UART_Synchronizer.vhd sub00/vhpl43 1573049977
AR reg1bit behavioral C:/Users/Alessandro/Desktop/EFES_Fpga/Project/Reg1Bit.vhd sub00/vhpl09 1573049969
PH constants NULL C:/Users/Alessandro/Desktop/EFES_Fpga/Project/constants.vhd sub00/vhpl02 1573049940
AR comparatorwithenable behavioral C:/Users/Alessandro/Desktop/EFES_Fpga/Project/ComparatorWithEnable.vhd sub00/vhpl25 1573049957
EN hardwiredreg NULL C:/Users/Alessandro/Desktop/EFES_Fpga/Project/HardwiredReg.vhd sub00/vhpl32 1573049964
AR ud_counter str C:/Users/Alessandro/Desktop/EFES_Fpga/Project/ud_counter.vhd sub00/vhpl17 1573049949
EN efes_fpga_top NULL C:/Users/Alessandro/Desktop/EFES_Fpga/Project/EFES_Fpga_Top.vhd sub00/vhpl00 1573049986
AR mux_bit behavioral C:/Users/Alessandro/Desktop/EFES_Fpga/Project/Mux_Bit.vhd sub00/vhpl29 1573049961
EN clock_divider NULL C:/Users/Alessandro/Desktop/EFES_Fpga/Project/Clock_divider.vhd sub00/vhpl40 1573049974
PB constants constants C:/Users/Alessandro/Desktop/EFES_Fpga/Project/constants.vhd sub00/vhpl03 1573049941
EN cu_satcounter NULL C:/Users/Alessandro/Desktop/EFES_Fpga/Project/CU_SatCounter.vhd sub00/vhpl18 1573049950
EN xnorgate_nx1 NULL C:/Users/Alessandro/Desktop/EFES_Fpga/Project/XNORGate_NX1.vhd sub00/vhpl38 1573049972
EN andgate_nx1 NULL C:/Users/Alessandro/Desktop/EFES_Fpga/Project/ANDGate_NX1.vhd sub00/vhpl20 1573049952
AR clock_divider structural C:/Users/Alessandro/Desktop/EFES_Fpga/Project/Clock_divider.vhd sub00/vhpl41 1573049975
EN comparatorwithenable NULL C:/Users/Alessandro/Desktop/EFES_Fpga/Project/ComparatorWithEnable.vhd sub00/vhpl24 1573049956
AR ncomparatorwithenable behavioral C:/Users/Alessandro/Desktop/EFES_Fpga/Project/NComparatorWithEnable.vhd sub00/vhpl37 1573049971
AR comparator structural C:/Users/Alessandro/Desktop/EFES_Fpga/Project/Comparator.vhd sub00/vhpl35 1573049967
EN nregister NULL C:/Users/Alessandro/Desktop/EFES_Fpga/Project/NRegister.vhd sub00/vhpl06 1573049980
EN uart_fifo NULL C:/Users/Alessandro/Desktop/EFES_Fpga/Project/UART_Fifo.vhd sub00/vhpl44 1573049978
EN uart_synchronizer NULL C:/Users/Alessandro/Desktop/EFES_Fpga/Project/UART_Synchronizer.vhd sub00/vhpl42 1573049976
AR d_ff_rst behavioral C:/Users/Alessandro/Desktop/EFES_Fpga/Project/D_FF_rst.vhd sub00/vhpl27 1573049959
AR uartdrivertx behavioral C:/Users/Alessandro/Desktop/EFES_Fpga/Project/UartDriver.vhd sub00/vhpl47 1573049985
AR norgate_nx1 behavioral C:/Users/Alessandro/Desktop/EFES_Fpga/Project/NORGate_NX1.vhd sub00/vhpl23 1573049955
AR sat_counter structural C:/Users/Alessandro/Desktop/EFES_Fpga/Project/SAT_Counter_BMM.vhd sub00/vhpl31 1573049963
EN sat_counter NULL C:/Users/Alessandro/Desktop/EFES_Fpga/Project/SAT_Counter_BMM.vhd sub00/vhpl30 1573049962
EN uartdrivertx NULL C:/Users/Alessandro/Desktop/EFES_Fpga/Project/UartDriver.vhd sub00/vhpl46 1573049984
EN ncomparatorwithenable NULL C:/Users/Alessandro/Desktop/EFES_Fpga/Project/NComparatorWithEnable.vhd sub00/vhpl36 1573049970
AR eightbuttondriver structural C:/Users/Alessandro/Desktop/EFES_Fpga/Project/EightButtonDriver.vhd sub00/vhpl11 1573049983
EN orgate_nx1 NULL C:/Users/Alessandro/Desktop/EFES_Fpga/Project/ORGate_NX1.vhd sub00/vhpl04 1573049944
AR cu_satcounter behavioral C:/Users/Alessandro/Desktop/EFES_Fpga/Project/CU_SatCounter.vhd sub00/vhpl19 1573049951
AR xnorgate_nx1 behavioral C:/Users/Alessandro/Desktop/EFES_Fpga/Project/XNORGate_NX1.vhd sub00/vhpl39 1573049973
EN comparator NULL C:/Users/Alessandro/Desktop/EFES_Fpga/Project/Comparator.vhd sub00/vhpl34 1573049966
EN mux_1bit_2x1 NULL C:/Users/Alessandro/Desktop/EFES_Fpga/Project/Mux_1Bit_2X1.vhd sub00/vhpl14 1573049946
AR nregister behavioral C:/Users/Alessandro/Desktop/EFES_Fpga/Project/NRegister.vhd sub00/vhpl07 1573049981
EN reg1bit NULL C:/Users/Alessandro/Desktop/EFES_Fpga/Project/Reg1Bit.vhd sub00/vhpl08 1573049968
AR andgate_nx1 behavioral C:/Users/Alessandro/Desktop/EFES_Fpga/Project/ANDGate_NX1.vhd sub00/vhpl21 1573049953
AR orgate_nx1 behavioral C:/Users/Alessandro/Desktop/EFES_Fpga/Project/ORGate_NX1.vhd sub00/vhpl05 1573049945
