AR memoryinterface behavioral C:/Users/Alessandro/Desktop/STM32Workspace/ElectronicsForEmbeddedSystems/FPGA_project/MemoryInterface/MemoryInterface.vhd sub00/vhpl01 1574076007
EN memoryinterface NULL C:/Users/Alessandro/Desktop/STM32Workspace/ElectronicsForEmbeddedSystems/FPGA_project/MemoryInterface/MemoryInterface.vhd sub00/vhpl00 1574076006
