V3 4
FL C:/Users/Alessandro/Desktop/EFES_Fpga/MemoryInterface/MemoryInterface.vhd 2019/11/12.15:48:36 P.20131013
FL C:/Users/Alessandro/Desktop/STM32Workspace/ElectronicsForEmbeddedSystems/FPGA_project/MemoryInterface/MemoryInterface.vhd 2019/11/18.12:19:57 P.20131013
EN work/MemoryInterface 1574076006 \
      FL C:/Users/Alessandro/Desktop/STM32Workspace/ElectronicsForEmbeddedSystems/FPGA_project/MemoryInterface/MemoryInterface.vhd \
      PB ieee/std_logic_1164 1381692176 PB ieee/NUMERIC_STD 1381692181
AR work/MemoryInterface/Behavioral 1574076007 \
      FL C:/Users/Alessandro/Desktop/STM32Workspace/ElectronicsForEmbeddedSystems/FPGA_project/MemoryInterface/MemoryInterface.vhd \
      EN work/MemoryInterface 1574076006
