Release 14.7 - xst P.20131013 (nt)
Copyright (c) 1995-2013 Xilinx, Inc.  All rights reserved.
--> Parameter TMPDIR set to xst/projnav.tmp


Total REAL time to Xst completion: 0.00 secs
Total CPU time to Xst completion: 0.26 secs
 
--> Parameter xsthdpdir set to xst


Total REAL time to Xst completion: 0.00 secs
Total CPU time to Xst completion: 0.26 secs
 
--> Reading design: UART_Fifo.prj

TABLE OF CONTENTS
  1) Synthesis Options Summary
  2) HDL Compilation
  3) Design Hierarchy Analysis
  4) HDL Analysis
  5) HDL Synthesis
     5.1) HDL Synthesis Report
  6) Advanced HDL Synthesis
     6.1) Advanced HDL Synthesis Report
  7) Low Level Synthesis
  8) Partition Report
  9) Final Report
	9.1) Device utilization summary
	9.2) Partition Resource Summary
	9.3) TIMING REPORT


=========================================================================
*                      Synthesis Options Summary                        *
=========================================================================
---- Source Parameters
Input File Name                    : "UART_Fifo.prj"
Input Format                       : mixed
Ignore Synthesis Constraint File   : NO

---- Target Parameters
Output File Name                   : "UART_Fifo"
Output Format                      : NGC
Target Device                      : xc3s500e-5-pq208

---- Source Options
Top Module Name                    : UART_Fifo
Automatic FSM Extraction           : YES
FSM Encoding Algorithm             : Auto
Safe Implementation                : No
FSM Style                          : LUT
RAM Extraction                     : Yes
RAM Style                          : Auto
ROM Extraction                     : Yes
Mux Style                          : Auto
Decoder Extraction                 : YES
Priority Encoder Extraction        : Yes
Shift Register Extraction          : YES
Logical Shifter Extraction         : YES
XOR Collapsing                     : YES
ROM Style                          : Auto
Mux Extraction                     : Yes
Resource Sharing                   : YES
Asynchronous To Synchronous        : NO
Multiplier Style                   : Auto
Automatic Register Balancing       : No

---- Target Options
Add IO Buffers                     : YES
Global Maximum Fanout              : 100000
Add Generic Clock Buffer(BUFG)     : 24
Register Duplication               : YES
Slice Packing                      : YES
Optimize Instantiated Primitives   : NO
Use Clock Enable                   : Yes
Use Synchronous Set                : Yes
Use Synchronous Reset              : Yes
Pack IO Registers into IOBs        : Auto
Equivalent register Removal        : YES

---- General Options
Optimization Goal                  : Speed
Optimization Effort                : 1
Keep Hierarchy                     : No
Netlist Hierarchy                  : As_Optimized
RTL Output                         : Yes
Global Optimization                : AllClockNets
Read Cores                         : YES
Write Timing Constraints           : NO
Cross Clock Analysis               : NO
Hierarchy Separator                : /
Bus Delimiter                      : <>
Case Specifier                     : Maintain
Slice Utilization Ratio            : 100
BRAM Utilization Ratio             : 100
Verilog 2001                       : YES
Auto BRAM Packing                  : NO
Slice Utilization Ratio Delta      : 5

=========================================================================


=========================================================================
*                          HDL Compilation                              *
=========================================================================
Compiling vhdl file "C:/Users/Alessandro/Desktop/EFES_Fpga/UartDriver/D_FF_rst.vhd" in Library work.
Architecture behavioral of Entity d_ff_rst is up to date.
Compiling vhdl file "C:/Users/Alessandro/Desktop/EFES_Fpga/UartDriver/Mux_Bit.vhd" in Library work.
Architecture behavioral of Entity mux_bit is up to date.
Compiling vhdl file "C:/Users/Alessandro/Desktop/EFES_Fpga/UartDriver/UART_Fifo.vhd" in Library work.
Entity <uart_fifo> compiled.
Entity <uart_fifo> (Architecture <behavioral>) compiled.

=========================================================================
*                     Design Hierarchy Analysis                         *
=========================================================================
Analyzing hierarchy for entity <UART_Fifo> in library <work> (architecture <behavioral>) with generics.
	NBIT_DATA = 11

Analyzing hierarchy for entity <D_FF_rst> in library <work> (architecture <behavioral>).

Analyzing hierarchy for entity <Mux_Bit> in library <work> (architecture <behavioral>) with generics.
	NBIT_Sel = 2


=========================================================================
*                            HDL Analysis                               *
=========================================================================
Analyzing generic Entity <UART_Fifo> in library <work> (Architecture <behavioral>).
	NBIT_DATA = 11
WARNING:Xst:753 - "C:/Users/Alessandro/Desktop/EFES_Fpga/UartDriver/UART_Fifo.vhd" line 85: Unconnected output port 'Not_Q' of component 'D_FF_rst'.
WARNING:Xst:753 - "C:/Users/Alessandro/Desktop/EFES_Fpga/UartDriver/UART_Fifo.vhd" line 85: Unconnected output port 'Not_Q' of component 'D_FF_rst'.
WARNING:Xst:753 - "C:/Users/Alessandro/Desktop/EFES_Fpga/UartDriver/UART_Fifo.vhd" line 85: Unconnected output port 'Not_Q' of component 'D_FF_rst'.
WARNING:Xst:753 - "C:/Users/Alessandro/Desktop/EFES_Fpga/UartDriver/UART_Fifo.vhd" line 85: Unconnected output port 'Not_Q' of component 'D_FF_rst'.
WARNING:Xst:753 - "C:/Users/Alessandro/Desktop/EFES_Fpga/UartDriver/UART_Fifo.vhd" line 85: Unconnected output port 'Not_Q' of component 'D_FF_rst'.
WARNING:Xst:753 - "C:/Users/Alessandro/Desktop/EFES_Fpga/UartDriver/UART_Fifo.vhd" line 85: Unconnected output port 'Not_Q' of component 'D_FF_rst'.
WARNING:Xst:753 - "C:/Users/Alessandro/Desktop/EFES_Fpga/UartDriver/UART_Fifo.vhd" line 85: Unconnected output port 'Not_Q' of component 'D_FF_rst'.
WARNING:Xst:753 - "C:/Users/Alessandro/Desktop/EFES_Fpga/UartDriver/UART_Fifo.vhd" line 85: Unconnected output port 'Not_Q' of component 'D_FF_rst'.
WARNING:Xst:753 - "C:/Users/Alessandro/Desktop/EFES_Fpga/UartDriver/UART_Fifo.vhd" line 85: Unconnected output port 'Not_Q' of component 'D_FF_rst'.
WARNING:Xst:753 - "C:/Users/Alessandro/Desktop/EFES_Fpga/UartDriver/UART_Fifo.vhd" line 85: Unconnected output port 'Not_Q' of component 'D_FF_rst'.
WARNING:Xst:753 - "C:/Users/Alessandro/Desktop/EFES_Fpga/UartDriver/UART_Fifo.vhd" line 85: Unconnected output port 'Not_Q' of component 'D_FF_rst'.
Entity <UART_Fifo> analyzed. Unit <UART_Fifo> generated.

Analyzing Entity <D_FF_rst> in library <work> (Architecture <behavioral>).
Entity <D_FF_rst> analyzed. Unit <D_FF_rst> generated.

Analyzing generic Entity <Mux_Bit> in library <work> (Architecture <behavioral>).
	NBIT_Sel = 2
Entity <Mux_Bit> analyzed. Unit <Mux_Bit> generated.


=========================================================================
*                           HDL Synthesis                               *
=========================================================================

Performing bidirectional port resolution...

Synthesizing Unit <D_FF_rst>.
    Related source file is "C:/Users/Alessandro/Desktop/EFES_Fpga/UartDriver/D_FF_rst.vhd".
    Found 1-bit register for signal <Q>.
    Found 1-bit register for signal <Not_Q>.
    Summary:
	inferred   2 D-type flip-flop(s).
Unit <D_FF_rst> synthesized.


Synthesizing Unit <Mux_Bit>.
    Related source file is "C:/Users/Alessandro/Desktop/EFES_Fpga/UartDriver/Mux_Bit.vhd".
    Found 1-bit 4-to-1 multiplexer for signal <output>.
    Summary:
	inferred   1 Multiplexer(s).
Unit <Mux_Bit> synthesized.


Synthesizing Unit <UART_Fifo>.
    Related source file is "C:/Users/Alessandro/Desktop/EFES_Fpga/UartDriver/UART_Fifo.vhd".
Unit <UART_Fifo> synthesized.


=========================================================================
HDL Synthesis Report

Macro Statistics
# Registers                                            : 22
 1-bit register                                        : 22
# Multiplexers                                         : 11
 1-bit 4-to-1 multiplexer                              : 11

=========================================================================

=========================================================================
*                       Advanced HDL Synthesis                          *
=========================================================================


=========================================================================
Advanced HDL Synthesis Report

Macro Statistics
# Registers                                            : 22
 Flip-Flops                                            : 22
# Multiplexers                                         : 11
 1-bit 4-to-1 multiplexer                              : 11

=========================================================================

=========================================================================
*                         Low Level Synthesis                           *
=========================================================================
WARNING:Xst:2677 - Node <FFcyc[10].FF_i/Not_Q> of sequential type is unconnected in block <UART_Fifo>.
WARNING:Xst:2677 - Node <FFcyc[9].FF_i/Not_Q> of sequential type is unconnected in block <UART_Fifo>.
WARNING:Xst:2677 - Node <FFcyc[8].FF_i/Not_Q> of sequential type is unconnected in block <UART_Fifo>.
WARNING:Xst:2677 - Node <FFcyc[7].FF_i/Not_Q> of sequential type is unconnected in block <UART_Fifo>.
WARNING:Xst:2677 - Node <FFcyc[6].FF_i/Not_Q> of sequential type is unconnected in block <UART_Fifo>.
WARNING:Xst:2677 - Node <FFcyc[5].FF_i/Not_Q> of sequential type is unconnected in block <UART_Fifo>.
WARNING:Xst:2677 - Node <FFcyc[4].FF_i/Not_Q> of sequential type is unconnected in block <UART_Fifo>.
WARNING:Xst:2677 - Node <FFcyc[3].FF_i/Not_Q> of sequential type is unconnected in block <UART_Fifo>.
WARNING:Xst:2677 - Node <FFcyc[2].FF_i/Not_Q> of sequential type is unconnected in block <UART_Fifo>.
WARNING:Xst:2677 - Node <FFcyc[1].FF_i/Not_Q> of sequential type is unconnected in block <UART_Fifo>.
WARNING:Xst:2677 - Node <FFcyc[0].FF_i/Not_Q> of sequential type is unconnected in block <UART_Fifo>.

Optimizing unit <UART_Fifo> ...

Mapping all equations...
Building and optimizing final netlist ...
Found area constraint ratio of 100 (+ 5) on block UART_Fifo, actual ratio is 0.

Final Macro Processing ...

=========================================================================
Final Register Report

Macro Statistics
# Registers                                            : 11
 Flip-Flops                                            : 11

=========================================================================

=========================================================================
*                           Partition Report                            *
=========================================================================

Partition Implementation Status
-------------------------------

  No Partitions were found in this design.

-------------------------------

=========================================================================
*                            Final Report                               *
=========================================================================
Final Results
RTL Top Level Output File Name     : UART_Fifo.ngr
Top Level Output File Name         : UART_Fifo
Output Format                      : NGC
Optimization Goal                  : Speed
Keep Hierarchy                     : No

Design Statistics
# IOs                              : 16

Cell Usage :
# BELS                             : 22
#      LUT2                        : 1
#      LUT3                        : 9
#      LUT3_L                      : 1
#      LUT4                        : 11
# FlipFlops/Latches                : 11
#      FDC                         : 11
# Clock Buffers                    : 1
#      BUFGP                       : 1
# IO Buffers                       : 15
#      IBUF                        : 14
#      OBUF                        : 1
=========================================================================

Device utilization summary:
---------------------------

Selected Device : 3s500epq208-5 

 Number of Slices:                       12  out of   4656     0%  
 Number of Slice Flip Flops:             11  out of   9312     0%  
 Number of 4 input LUTs:                 22  out of   9312     0%  
 Number of IOs:                          16
 Number of bonded IOBs:                  16  out of    158    10%  
 Number of GCLKs:                         1  out of     24     4%  

---------------------------
Partition Resource Summary:
---------------------------

  No Partitions were found in this design.

---------------------------


=========================================================================
TIMING REPORT

NOTE: THESE TIMING NUMBERS ARE ONLY A SYNTHESIS ESTIMATE.
      FOR ACCURATE TIMING INFORMATION PLEASE REFER TO THE TRACE REPORT
      GENERATED AFTER PLACE-and-ROUTE.

Clock Information:
------------------
-----------------------------------+------------------------+-------+
Clock Signal                       | Clock buffer(FF name)  | Load  |
-----------------------------------+------------------------+-------+
FIFO_clk                           | BUFGP                  | 11    |
-----------------------------------+------------------------+-------+

Asynchronous Control Signals Information:
----------------------------------------
-----------------------------------+------------------------+-------+
Control Signal                     | Buffer(FF name)        | Load  |
-----------------------------------+------------------------+-------+
FIFO_reset                         | IBUF                   | 11    |
-----------------------------------+------------------------+-------+

Timing Summary:
---------------
Speed Grade: -5

   Minimum period: 2.776ns (Maximum Frequency: 360.237MHz)
   Minimum input arrival time before clock: 4.165ns
   Maximum output required time after clock: 4.063ns
   Maximum combinational path delay: No path found

Timing Detail:
--------------
All values displayed in nanoseconds (ns)

=========================================================================
Timing constraint: Default period analysis for Clock 'FIFO_clk'
  Clock period: 2.776ns (frequency: 360.237MHz)
  Total number of paths / destination ports: 21 / 11
-------------------------------------------------------------------------
Delay:               2.776ns (Levels of Logic = 2)
  Source:            FFcyc[8].FF_i/Q (FF)
  Destination:       FFcyc[9].FF_i/Q (FF)
  Source Clock:      FIFO_clk rising
  Destination Clock: FIFO_clk rising

  Data Path: FFcyc[8].FF_i/Q to FFcyc[9].FF_i/Q
                                Gate     Net
    Cell:in->out      fanout   Delay   Delay  Logical Name (Net Name)
    ----------------------------------------  ------------
     FDC:C->Q              2   0.514   0.410  FFcyc[8].FF_i/Q (FFcyc[8].FF_i/Q)
     LUT3:I2->O            1   0.612   0.360  MUX_cyc[9].IF_MUXi.MUXi/Mmux_output2_SW0 (N3)
     LUT4:I3->O            1   0.612   0.000  MUX_cyc[9].IF_MUXi.MUXi/Mmux_output2 (s_D_Fmux_Tff<9>)
     FDC:D                     0.268          FFcyc[9].FF_i/Q
    ----------------------------------------
    Total                      2.776ns (2.006ns logic, 0.770ns route)
                                       (72.3% logic, 27.7% route)

=========================================================================
Timing constraint: Default OFFSET IN BEFORE for Clock 'FIFO_clk'
  Total number of paths / destination ports: 44 / 11
-------------------------------------------------------------------------
Offset:              4.165ns (Levels of Logic = 3)
  Source:            FIFO_reset (PAD)
  Destination:       FFcyc[0].FF_i/Q (FF)
  Destination Clock: FIFO_clk rising

  Data Path: FIFO_reset to FFcyc[0].FF_i/Q
                                Gate     Net
    Cell:in->out      fanout   Delay   Delay  Logical Name (Net Name)
    ----------------------------------------  ------------
     IBUF:I->O            22   1.106   1.058  FIFO_reset_IBUF (FIFO_reset_IBUF)
     LUT2:I1->O            1   0.612   0.509  MUX_cyc[10].IF_MUXi.MUXi/Mmux_output211 (N01)
     LUT4:I0->O            1   0.612   0.000  MUX_cyc[0].IF_MUX0.MUX0/Mmux_output11 (s_D_Fmux_Tff<0>)
     FDC:D                     0.268          FFcyc[0].FF_i/Q
    ----------------------------------------
    Total                      4.165ns (2.598ns logic, 1.567ns route)
                                       (62.4% logic, 37.6% route)

=========================================================================
Timing constraint: Default OFFSET OUT AFTER for Clock 'FIFO_clk'
  Total number of paths / destination ports: 1 / 1
-------------------------------------------------------------------------
Offset:              4.063ns (Levels of Logic = 1)
  Source:            FFcyc[10].FF_i/Q (FF)
  Destination:       FIFO_bit_out (PAD)
  Source Clock:      FIFO_clk rising

  Data Path: FFcyc[10].FF_i/Q to FIFO_bit_out
                                Gate     Net
    Cell:in->out      fanout   Delay   Delay  Logical Name (Net Name)
    ----------------------------------------  ------------
     FDC:C->Q              2   0.514   0.380  FFcyc[10].FF_i/Q (FFcyc[10].FF_i/Q)
     OBUF:I->O                 3.169          FIFO_bit_out_OBUF (FIFO_bit_out)
    ----------------------------------------
    Total                      4.063ns (3.683ns logic, 0.380ns route)
                                       (90.6% logic, 9.4% route)

=========================================================================


Total REAL time to Xst completion: 4.00 secs
Total CPU time to Xst completion: 4.80 secs
 
--> 

Total memory usage is 236460 kilobytes

Number of errors   :    0 (   0 filtered)
Number of warnings :   22 (   0 filtered)
Number of infos    :    0 (   0 filtered)

