17:14:36 **** Incremental Build of configuration Debug for project MCU_Firmware ****
make -j8 all 
arm-none-eabi-gcc "../Src/main.c" -mcpu=cortex-m4 -std=gnu11 -g3 -DUSE_HAL_DRIVER -DSTM32F446xx -DDEBUG -c -I../Inc -I../Drivers/CMSIS/Include -I../Drivers/STM32F4xx_HAL_Driver/Inc -I../Drivers/CMSIS/Device/ST/STM32F4xx/Include -I../Drivers/STM32F4xx_HAL_Driver/Inc/Legacy -O0 -ffunction-sections -fdata-sections -Wall -fstack-usage -MMD -MP -MF"Src/main.d" -MT"Src/main.o" --specs=nano.specs -mfpu=fpv4-sp-d16 -mfloat-abi=hard -mthumb -o "Src/main.o"
arm-none-eabi-gcc "../Drivers/OV7670/src/ov7670.c" -mcpu=cortex-m4 -std=gnu11 -g3 -DUSE_HAL_DRIVER -DSTM32F446xx -DDEBUG -c -I../Inc -I../Drivers/CMSIS/Include -I../Drivers/STM32F4xx_HAL_Driver/Inc -I../Drivers/CMSIS/Device/ST/STM32F4xx/Include -I../Drivers/STM32F4xx_HAL_Driver/Inc/Legacy -O0 -ffunction-sections -fdata-sections -Wall -fstack-usage -MMD -MP -MF"Drivers/OV7670/src/ov7670.d" -MT"Drivers/OV7670/src/ov7670.o" --specs=nano.specs -mfpu=fpv4-sp-d16 -mfloat-abi=hard -mthumb -o "Drivers/OV7670/src/ov7670.o"
../Src/main.c: In function 'main':
../Src/main.c:107:3: warning: implicit declaration of function 'ov7670_init' [-Wimplicit-function-declaration]
   ov7670_init(&hdcmi, &hdma_dcmi, &hi2c2);
   ^~~~~~~~~~~
../Src/main.c:113:3: warning: implicit declaration of function 'ov7670_startCap' [-Wimplicit-function-declaration]
   ov7670_startCap(0, data);
   ^~~~~~~~~~~~~~~
../Src/main.c:79:9: warning: variable 'measure' set but not used [-Wunused-but-set-variable]
   float measure;
         ^~~~~~~
../Drivers/OV7670/src/ov7670.c: In function 'HAL_DCMI_VsyncEventCallback':
../Drivers/OV7670/src/ov7670.c:101:18: warning: format '%d' expects argument of type 'int', but argument 2 has type 'uint32_t {aka long unsigned int}' [-Wformat=]
   printf("VSYNC %d\n", HAL_GetTick());
                 ~^     ~~~~~~~~~~~~~
                 %ld
../Drivers/OV7670/src/ov7670.c: In function 'ov7670_write':
../Drivers/OV7670/src/ov7670.c:114:10: warning: 'return' with a value, in function returning void
   return ret;
          ^~~
../Drivers/OV7670/src/ov7670.c:108:13: note: declared here
 static void ov7670_write(uint8_t regAddr, uint8_t data)
             ^~~~~~~~~~~~
../Drivers/OV7670/src/ov7670.c: In function 'ov7670_read':
../Drivers/OV7670/src/ov7670.c:124:10: warning: 'return' with a value, in function returning void
   return ret;
          ^~~
../Drivers/OV7670/src/ov7670.c:117:13: note: declared here
 static void ov7670_read(uint8_t regAddr, uint8_t *data)
             ^~~~~~~~~~~
arm-none-eabi-gcc -o "MCU_Firmware.elf" @"objects.list"   -mcpu=cortex-m4 -T"C:\Users\Alessandro\Desktop\STM32Workspace\ElectronicsForEmbeddedSystems\MCU_Firmware\STM32F446ZETX_FLASH.ld" --specs=nosys.specs -Wl,-Map="MCU_Firmware.map" -Wl,--gc-sections -static --specs=nano.specs -mfpu=fpv4-sp-d16 -mfloat-abi=hard -mthumb -Wl,--start-group -lc -lm -Wl,--end-group
Finished building target: MCU_Firmware.elf
 
arm-none-eabi-objdump -h -S  MCU_Firmware.elf  > "MCU_Firmware.list"
arm-none-eabi-size   MCU_Firmware.elf 
   text	   data	    bss	    dec	    hex	filename
  27688	    164	   1964	  29816	   7478	MCU_Firmware.elf
Finished building: default.size.stdout
 
Finished building: MCU_Firmware.list
 
17:14:40 **** Incremental Build of configuration Debug for project MCU_Firmware ****
make -j8 all 
arm-none-eabi-size   MCU_Firmware.elf 
   text	   data	    bss	    dec	    hex	filename
  27688	    164	   1964	  29816	   7478	MCU_Firmware.elf
Finished building: default.size.stdout
 
17:20:06 **** Incremental Build of configuration Debug for project MCU_Firmware ****
make -j8 all 
arm-none-eabi-gcc "../Src/main.c" -mcpu=cortex-m4 -std=gnu11 -g3 -DUSE_HAL_DRIVER -DSTM32F446xx -DDEBUG -c -I../Inc -I../Drivers/CMSIS/Include -I../Drivers/STM32F4xx_HAL_Driver/Inc -I../Drivers/CMSIS/Device/ST/STM32F4xx/Include -I../Drivers/STM32F4xx_HAL_Driver/Inc/Legacy -O0 -ffunction-sections -fdata-sections -Wall -fstack-usage -MMD -MP -MF"Src/main.d" -MT"Src/main.o" --specs=nano.specs -mfpu=fpv4-sp-d16 -mfloat-abi=hard -mthumb -o "Src/main.o"
../Src/main.c: In function 'main':
../Src/main.c:107:3: warning: implicit declaration of function 'ov7670_init' [-Wimplicit-function-declaration]
   ov7670_init(&hdcmi, &hdma_dcmi, &hi2c2);
   ^~~~~~~~~~~
../Src/main.c:113:3: warning: implicit declaration of function 'ov7670_startCap' [-Wimplicit-function-declaration]
   ov7670_startCap(0, data);
   ^~~~~~~~~~~~~~~
../Src/main.c:79:9: warning: variable 'measure' set but not used [-Wunused-but-set-variable]
   float measure;
         ^~~~~~~
arm-none-eabi-gcc -o "MCU_Firmware.elf" @"objects.list"   -mcpu=cortex-m4 -T"C:\Users\Alessandro\Desktop\STM32Workspace\ElectronicsForEmbeddedSystems\MCU_Firmware\STM32F446ZETX_FLASH.ld" --specs=nosys.specs -Wl,-Map="MCU_Firmware.map" -Wl,--gc-sections -static --specs=nano.specs -mfpu=fpv4-sp-d16 -mfloat-abi=hard -mthumb -Wl,--start-group -lc -lm -Wl,--end-group
Finished building target: MCU_Firmware.elf
 
arm-none-eabi-objdump -h -S  MCU_Firmware.elf  > "MCU_Firmware.list"
arm-none-eabi-size   MCU_Firmware.elf 
   text	   data	    bss	    dec	    hex	filename
  27684	    164	   2476	  30324	   7674	MCU_Firmware.elf
Finished building: default.size.stdout
 
Finished building: MCU_Firmware.list
 
09:35:52 **** Incremental Build of configuration Debug for project MCU_Firmware ****
make -j8 all 
arm-none-eabi-gcc "../Src/main.c" -mcpu=cortex-m4 -std=gnu11 -g3 -DUSE_HAL_DRIVER -DSTM32F446xx -DDEBUG -c -I../Inc -I../Drivers/CMSIS/Include -I../Drivers/STM32F4xx_HAL_Driver/Inc -I../Drivers/CMSIS/Device/ST/STM32F4xx/Include -I../Drivers/STM32F4xx_HAL_Driver/Inc/Legacy -O0 -ffunction-sections -fdata-sections -Wall -fstack-usage -MMD -MP -MF"Src/main.d" -MT"Src/main.o" --specs=nano.specs -mfpu=fpv4-sp-d16 -mfloat-abi=hard -mthumb -o "Src/main.o"
../Src/main.c: In function 'main':
../Src/main.c:107:3: warning: implicit declaration of function 'ov7670_init' [-Wimplicit-function-declaration]
   ov7670_init(&hdcmi, &hdma_dcmi, &hi2c2);
   ^~~~~~~~~~~
../Src/main.c:79:9: warning: variable 'measure' set but not used [-Wunused-but-set-variable]
   float measure;
         ^~~~~~~
arm-none-eabi-gcc -o "MCU_Firmware.elf" @"objects.list"   -mcpu=cortex-m4 -T"C:\Users\Alessandro\Desktop\STM32Workspace\ElectronicsForEmbeddedSystems\MCU_Firmware\STM32F446ZETX_FLASH.ld" --specs=nosys.specs -Wl,-Map="MCU_Firmware.map" -Wl,--gc-sections -static --specs=nano.specs -mfpu=fpv4-sp-d16 -mfloat-abi=hard -mthumb -Wl,--start-group -lc -lm -Wl,--end-group
Finished building target: MCU_Firmware.elf
 
arm-none-eabi-objdump -h -S  MCU_Firmware.elf  > "MCU_Firmware.list"
arm-none-eabi-size   MCU_Firmware.elf 
   text	   data	    bss	    dec	    hex	filename
  21304	    164	   2476	  23944	   5d88	MCU_Firmware.elf
Finished building: default.size.stdout
 
Finished building: MCU_Firmware.list
 
09:38:07 **** Clean-only build of configuration Debug for project MCU_Firmware ****
make -j8 clean 
rm -rf *
 
09:38:08 **** Incremental Build of configuration Debug for project MCU_Firmware ****
make -j8 all 
arm-none-eabi-gcc -mcpu=cortex-m4 -g3 -c -I../ -x assembler-with-cpp --specs=nano.specs -mfpu=fpv4-sp-d16 -mfloat-abi=hard -mthumb -o "Startup/startup_stm32f446zetx.o" "../Startup/startup_stm32f446zetx.s"
arm-none-eabi-gcc "../Src/main.c" -mcpu=cortex-m4 -std=gnu11 -g3 -DUSE_HAL_DRIVER -DSTM32F446xx -DDEBUG -c -I../Inc -I../Drivers/CMSIS/Include -I../Drivers/STM32F4xx_HAL_Driver/Inc -I../Drivers/CMSIS/Device/ST/STM32F4xx/Include -I../Drivers/STM32F4xx_HAL_Driver/Inc/Legacy -O0 -ffunction-sections -fdata-sections -Wall -fstack-usage -MMD -MP -MF"Src/main.d" -MT"Src/main.o" --specs=nano.specs -mfpu=fpv4-sp-d16 -mfloat-abi=hard -mthumb -o "Src/main.o"
arm-none-eabi-gcc "../Src/stm32f4xx_hal_msp.c" -mcpu=cortex-m4 -std=gnu11 -g3 -DUSE_HAL_DRIVER -DSTM32F446xx -DDEBUG -c -I../Inc -I../Drivers/CMSIS/Include -I../Drivers/STM32F4xx_HAL_Driver/Inc -I../Drivers/CMSIS/Device/ST/STM32F4xx/Include -I../Drivers/STM32F4xx_HAL_Driver/Inc/Legacy -O0 -ffunction-sections -fdata-sections -Wall -fstack-usage -MMD -MP -MF"Src/stm32f4xx_hal_msp.d" -MT"Src/stm32f4xx_hal_msp.o" --specs=nano.specs -mfpu=fpv4-sp-d16 -mfloat-abi=hard -mthumb -o "Src/stm32f4xx_hal_msp.o"
arm-none-eabi-gcc "../Src/stm32f4xx_it.c" -mcpu=cortex-m4 -std=gnu11 -g3 -DUSE_HAL_DRIVER -DSTM32F446xx -DDEBUG -c -I../Inc -I../Drivers/CMSIS/Include -I../Drivers/STM32F4xx_HAL_Driver/Inc -I../Drivers/CMSIS/Device/ST/STM32F4xx/Include -I../Drivers/STM32F4xx_HAL_Driver/Inc/Legacy -O0 -ffunction-sections -fdata-sections -Wall -fstack-usage -MMD -MP -MF"Src/stm32f4xx_it.d" -MT"Src/stm32f4xx_it.o" --specs=nano.specs -mfpu=fpv4-sp-d16 -mfloat-abi=hard -mthumb -o "Src/stm32f4xx_it.o"
arm-none-eabi-gcc "../Src/syscalls.c" -mcpu=cortex-m4 -std=gnu11 -g3 -DUSE_HAL_DRIVER -DSTM32F446xx -DDEBUG -c -I../Inc -I../Drivers/CMSIS/Include -I../Drivers/STM32F4xx_HAL_Driver/Inc -I../Drivers/CMSIS/Device/ST/STM32F4xx/Include -I../Drivers/STM32F4xx_HAL_Driver/Inc/Legacy -O0 -ffunction-sections -fdata-sections -Wall -fstack-usage -MMD -MP -MF"Src/syscalls.d" -MT"Src/syscalls.o" --specs=nano.specs -mfpu=fpv4-sp-d16 -mfloat-abi=hard -mthumb -o "Src/syscalls.o"
arm-none-eabi-gcc "../Src/sysmem.c" -mcpu=cortex-m4 -std=gnu11 -g3 -DUSE_HAL_DRIVER -DSTM32F446xx -DDEBUG -c -I../Inc -I../Drivers/CMSIS/Include -I../Drivers/STM32F4xx_HAL_Driver/Inc -I../Drivers/CMSIS/Device/ST/STM32F4xx/Include -I../Drivers/STM32F4xx_HAL_Driver/Inc/Legacy -O0 -ffunction-sections -fdata-sections -Wall -fstack-usage -MMD -MP -MF"Src/sysmem.d" -MT"Src/sysmem.o" --specs=nano.specs -mfpu=fpv4-sp-d16 -mfloat-abi=hard -mthumb -o "Src/sysmem.o"
arm-none-eabi-gcc "../Src/system_stm32f4xx.c" -mcpu=cortex-m4 -std=gnu11 -g3 -DUSE_HAL_DRIVER -DSTM32F446xx -DDEBUG -c -I../Inc -I../Drivers/CMSIS/Include -I../Drivers/STM32F4xx_HAL_Driver/Inc -I../Drivers/CMSIS/Device/ST/STM32F4xx/Include -I../Drivers/STM32F4xx_HAL_Driver/Inc/Legacy -O0 -ffunction-sections -fdata-sections -Wall -fstack-usage -MMD -MP -MF"Src/system_stm32f4xx.d" -MT"Src/system_stm32f4xx.o" --specs=nano.specs -mfpu=fpv4-sp-d16 -mfloat-abi=hard -mthumb -o "Src/system_stm32f4xx.o"
arm-none-eabi-gcc "../Drivers/myI2C/src/i2c.c" -mcpu=cortex-m4 -std=gnu11 -g3 -DUSE_HAL_DRIVER -DSTM32F446xx -DDEBUG -c -I../Inc -I../Drivers/CMSIS/Include -I../Drivers/STM32F4xx_HAL_Driver/Inc -I../Drivers/CMSIS/Device/ST/STM32F4xx/Include -I../Drivers/STM32F4xx_HAL_Driver/Inc/Legacy -O0 -ffunction-sections -fdata-sections -Wall -fstack-usage -MMD -MP -MF"Drivers/myI2C/src/i2c.d" -MT"Drivers/myI2C/src/i2c.o" --specs=nano.specs -mfpu=fpv4-sp-d16 -mfloat-abi=hard -mthumb -o "Drivers/myI2C/src/i2c.o"
arm-none-eabi-gcc "../Drivers/myADC/src/adc.c" -mcpu=cortex-m4 -std=gnu11 -g3 -DUSE_HAL_DRIVER -DSTM32F446xx -DDEBUG -c -I../Inc -I../Drivers/CMSIS/Include -I../Drivers/STM32F4xx_HAL_Driver/Inc -I../Drivers/CMSIS/Device/ST/STM32F4xx/Include -I../Drivers/STM32F4xx_HAL_Driver/Inc/Legacy -O0 -ffunction-sections -fdata-sections -Wall -fstack-usage -MMD -MP -MF"Drivers/myADC/src/adc.d" -MT"Drivers/myADC/src/adc.o" --specs=nano.specs -mfpu=fpv4-sp-d16 -mfloat-abi=hard -mthumb -o "Drivers/myADC/src/adc.o"
../Src/main.c: In function 'main':
../Src/main.c:107:3: warning: implicit declaration of function 'ov7670_init' [-Wimplicit-function-declaration]
   ov7670_init(&hdcmi, &hdma_dcmi, &hi2c2);
   ^~~~~~~~~~~
../Src/main.c:79:9: warning: variable 'measure' set but not used [-Wunused-but-set-variable]
   float measure;
         ^~~~~~~
arm-none-eabi-gcc "../Drivers/STM32F4xx_HAL_Driver/Src/stm32f4xx_hal.c" -mcpu=cortex-m4 -std=gnu11 -g3 -DUSE_HAL_DRIVER -DSTM32F446xx -DDEBUG -c -I../Inc -I../Drivers/CMSIS/Include -I../Drivers/STM32F4xx_HAL_Driver/Inc -I../Drivers/CMSIS/Device/ST/STM32F4xx/Include -I../Drivers/STM32F4xx_HAL_Driver/Inc/Legacy -O0 -ffunction-sections -fdata-sections -Wall -fstack-usage -MMD -MP -MF"Drivers/STM32F4xx_HAL_Driver/Src/stm32f4xx_hal.d" -MT"Drivers/STM32F4xx_HAL_Driver/Src/stm32f4xx_hal.o" --specs=nano.specs -mfpu=fpv4-sp-d16 -mfloat-abi=hard -mthumb -o "Drivers/STM32F4xx_HAL_Driver/Src/stm32f4xx_hal.o"
arm-none-eabi-gcc "../Drivers/STM32F4xx_HAL_Driver/Src/stm32f4xx_hal_cortex.c" -mcpu=cortex-m4 -std=gnu11 -g3 -DUSE_HAL_DRIVER -DSTM32F446xx -DDEBUG -c -I../Inc -I../Drivers/CMSIS/Include -I../Drivers/STM32F4xx_HAL_Driver/Inc -I../Drivers/CMSIS/Device/ST/STM32F4xx/Include -I../Drivers/STM32F4xx_HAL_Driver/Inc/Legacy -O0 -ffunction-sections -fdata-sections -Wall -fstack-usage -MMD -MP -MF"Drivers/STM32F4xx_HAL_Driver/Src/stm32f4xx_hal_cortex.d" -MT"Drivers/STM32F4xx_HAL_Driver/Src/stm32f4xx_hal_cortex.o" --specs=nano.specs -mfpu=fpv4-sp-d16 -mfloat-abi=hard -mthumb -o "Drivers/STM32F4xx_HAL_Driver/Src/stm32f4xx_hal_cortex.o"
arm-none-eabi-gcc "../Drivers/STM32F4xx_HAL_Driver/Src/stm32f4xx_hal_dcmi.c" -mcpu=cortex-m4 -std=gnu11 -g3 -DUSE_HAL_DRIVER -DSTM32F446xx -DDEBUG -c -I../Inc -I../Drivers/CMSIS/Include -I../Drivers/STM32F4xx_HAL_Driver/Inc -I../Drivers/CMSIS/Device/ST/STM32F4xx/Include -I../Drivers/STM32F4xx_HAL_Driver/Inc/Legacy -O0 -ffunction-sections -fdata-sections -Wall -fstack-usage -MMD -MP -MF"Drivers/STM32F4xx_HAL_Driver/Src/stm32f4xx_hal_dcmi.d" -MT"Drivers/STM32F4xx_HAL_Driver/Src/stm32f4xx_hal_dcmi.o" --specs=nano.specs -mfpu=fpv4-sp-d16 -mfloat-abi=hard -mthumb -o "Drivers/STM32F4xx_HAL_Driver/Src/stm32f4xx_hal_dcmi.o"
arm-none-eabi-gcc "../Drivers/STM32F4xx_HAL_Driver/Src/stm32f4xx_hal_dcmi_ex.c" -mcpu=cortex-m4 -std=gnu11 -g3 -DUSE_HAL_DRIVER -DSTM32F446xx -DDEBUG -c -I../Inc -I../Drivers/CMSIS/Include -I../Drivers/STM32F4xx_HAL_Driver/Inc -I../Drivers/CMSIS/Device/ST/STM32F4xx/Include -I../Drivers/STM32F4xx_HAL_Driver/Inc/Legacy -O0 -ffunction-sections -fdata-sections -Wall -fstack-usage -MMD -MP -MF"Drivers/STM32F4xx_HAL_Driver/Src/stm32f4xx_hal_dcmi_ex.d" -MT"Drivers/STM32F4xx_HAL_Driver/Src/stm32f4xx_hal_dcmi_ex.o" --specs=nano.specs -mfpu=fpv4-sp-d16 -mfloat-abi=hard -mthumb -o "Drivers/STM32F4xx_HAL_Driver/Src/stm32f4xx_hal_dcmi_ex.o"
arm-none-eabi-gcc "../Drivers/STM32F4xx_HAL_Driver/Src/stm32f4xx_hal_dma.c" -mcpu=cortex-m4 -std=gnu11 -g3 -DUSE_HAL_DRIVER -DSTM32F446xx -DDEBUG -c -I../Inc -I../Drivers/CMSIS/Include -I../Drivers/STM32F4xx_HAL_Driver/Inc -I../Drivers/CMSIS/Device/ST/STM32F4xx/Include -I../Drivers/STM32F4xx_HAL_Driver/Inc/Legacy -O0 -ffunction-sections -fdata-sections -Wall -fstack-usage -MMD -MP -MF"Drivers/STM32F4xx_HAL_Driver/Src/stm32f4xx_hal_dma.d" -MT"Drivers/STM32F4xx_HAL_Driver/Src/stm32f4xx_hal_dma.o" --specs=nano.specs -mfpu=fpv4-sp-d16 -mfloat-abi=hard -mthumb -o "Drivers/STM32F4xx_HAL_Driver/Src/stm32f4xx_hal_dma.o"
arm-none-eabi-gcc "../Drivers/STM32F4xx_HAL_Driver/Src/stm32f4xx_hal_dma_ex.c" -mcpu=cortex-m4 -std=gnu11 -g3 -DUSE_HAL_DRIVER -DSTM32F446xx -DDEBUG -c -I../Inc -I../Drivers/CMSIS/Include -I../Drivers/STM32F4xx_HAL_Driver/Inc -I../Drivers/CMSIS/Device/ST/STM32F4xx/Include -I../Drivers/STM32F4xx_HAL_Driver/Inc/Legacy -O0 -ffunction-sections -fdata-sections -Wall -fstack-usage -MMD -MP -MF"Drivers/STM32F4xx_HAL_Driver/Src/stm32f4xx_hal_dma_ex.d" -MT"Drivers/STM32F4xx_HAL_Driver/Src/stm32f4xx_hal_dma_ex.o" --specs=nano.specs -mfpu=fpv4-sp-d16 -mfloat-abi=hard -mthumb -o "Drivers/STM32F4xx_HAL_Driver/Src/stm32f4xx_hal_dma_ex.o"
arm-none-eabi-gcc "../Drivers/STM32F4xx_HAL_Driver/Src/stm32f4xx_hal_exti.c" -mcpu=cortex-m4 -std=gnu11 -g3 -DUSE_HAL_DRIVER -DSTM32F446xx -DDEBUG -c -I../Inc -I../Drivers/CMSIS/Include -I../Drivers/STM32F4xx_HAL_Driver/Inc -I../Drivers/CMSIS/Device/ST/STM32F4xx/Include -I../Drivers/STM32F4xx_HAL_Driver/Inc/Legacy -O0 -ffunction-sections -fdata-sections -Wall -fstack-usage -MMD -MP -MF"Drivers/STM32F4xx_HAL_Driver/Src/stm32f4xx_hal_exti.d" -MT"Drivers/STM32F4xx_HAL_Driver/Src/stm32f4xx_hal_exti.o" --specs=nano.specs -mfpu=fpv4-sp-d16 -mfloat-abi=hard -mthumb -o "Drivers/STM32F4xx_HAL_Driver/Src/stm32f4xx_hal_exti.o"
arm-none-eabi-gcc "../Drivers/STM32F4xx_HAL_Driver/Src/stm32f4xx_hal_flash.c" -mcpu=cortex-m4 -std=gnu11 -g3 -DUSE_HAL_DRIVER -DSTM32F446xx -DDEBUG -c -I../Inc -I../Drivers/CMSIS/Include -I../Drivers/STM32F4xx_HAL_Driver/Inc -I../Drivers/CMSIS/Device/ST/STM32F4xx/Include -I../Drivers/STM32F4xx_HAL_Driver/Inc/Legacy -O0 -ffunction-sections -fdata-sections -Wall -fstack-usage -MMD -MP -MF"Drivers/STM32F4xx_HAL_Driver/Src/stm32f4xx_hal_flash.d" -MT"Drivers/STM32F4xx_HAL_Driver/Src/stm32f4xx_hal_flash.o" --specs=nano.specs -mfpu=fpv4-sp-d16 -mfloat-abi=hard -mthumb -o "Drivers/STM32F4xx_HAL_Driver/Src/stm32f4xx_hal_flash.o"
arm-none-eabi-gcc "../Drivers/STM32F4xx_HAL_Driver/Src/stm32f4xx_hal_flash_ex.c" -mcpu=cortex-m4 -std=gnu11 -g3 -DUSE_HAL_DRIVER -DSTM32F446xx -DDEBUG -c -I../Inc -I../Drivers/CMSIS/Include -I../Drivers/STM32F4xx_HAL_Driver/Inc -I../Drivers/CMSIS/Device/ST/STM32F4xx/Include -I../Drivers/STM32F4xx_HAL_Driver/Inc/Legacy -O0 -ffunction-sections -fdata-sections -Wall -fstack-usage -MMD -MP -MF"Drivers/STM32F4xx_HAL_Driver/Src/stm32f4xx_hal_flash_ex.d" -MT"Drivers/STM32F4xx_HAL_Driver/Src/stm32f4xx_hal_flash_ex.o" --specs=nano.specs -mfpu=fpv4-sp-d16 -mfloat-abi=hard -mthumb -o "Drivers/STM32F4xx_HAL_Driver/Src/stm32f4xx_hal_flash_ex.o"
arm-none-eabi-gcc "../Drivers/STM32F4xx_HAL_Driver/Src/stm32f4xx_hal_flash_ramfunc.c" -mcpu=cortex-m4 -std=gnu11 -g3 -DUSE_HAL_DRIVER -DSTM32F446xx -DDEBUG -c -I../Inc -I../Drivers/CMSIS/Include -I../Drivers/STM32F4xx_HAL_Driver/Inc -I../Drivers/CMSIS/Device/ST/STM32F4xx/Include -I../Drivers/STM32F4xx_HAL_Driver/Inc/Legacy -O0 -ffunction-sections -fdata-sections -Wall -fstack-usage -MMD -MP -MF"Drivers/STM32F4xx_HAL_Driver/Src/stm32f4xx_hal_flash_ramfunc.d" -MT"Drivers/STM32F4xx_HAL_Driver/Src/stm32f4xx_hal_flash_ramfunc.o" --specs=nano.specs -mfpu=fpv4-sp-d16 -mfloat-abi=hard -mthumb -o "Drivers/STM32F4xx_HAL_Driver/Src/stm32f4xx_hal_flash_ramfunc.o"
arm-none-eabi-gcc "../Drivers/STM32F4xx_HAL_Driver/Src/stm32f4xx_hal_gpio.c" -mcpu=cortex-m4 -std=gnu11 -g3 -DUSE_HAL_DRIVER -DSTM32F446xx -DDEBUG -c -I../Inc -I../Drivers/CMSIS/Include -I../Drivers/STM32F4xx_HAL_Driver/Inc -I../Drivers/CMSIS/Device/ST/STM32F4xx/Include -I../Drivers/STM32F4xx_HAL_Driver/Inc/Legacy -O0 -ffunction-sections -fdata-sections -Wall -fstack-usage -MMD -MP -MF"Drivers/STM32F4xx_HAL_Driver/Src/stm32f4xx_hal_gpio.d" -MT"Drivers/STM32F4xx_HAL_Driver/Src/stm32f4xx_hal_gpio.o" --specs=nano.specs -mfpu=fpv4-sp-d16 -mfloat-abi=hard -mthumb -o "Drivers/STM32F4xx_HAL_Driver/Src/stm32f4xx_hal_gpio.o"
arm-none-eabi-gcc "../Drivers/STM32F4xx_HAL_Driver/Src/stm32f4xx_hal_i2c.c" -mcpu=cortex-m4 -std=gnu11 -g3 -DUSE_HAL_DRIVER -DSTM32F446xx -DDEBUG -c -I../Inc -I../Drivers/CMSIS/Include -I../Drivers/STM32F4xx_HAL_Driver/Inc -I../Drivers/CMSIS/Device/ST/STM32F4xx/Include -I../Drivers/STM32F4xx_HAL_Driver/Inc/Legacy -O0 -ffunction-sections -fdata-sections -Wall -fstack-usage -MMD -MP -MF"Drivers/STM32F4xx_HAL_Driver/Src/stm32f4xx_hal_i2c.d" -MT"Drivers/STM32F4xx_HAL_Driver/Src/stm32f4xx_hal_i2c.o" --specs=nano.specs -mfpu=fpv4-sp-d16 -mfloat-abi=hard -mthumb -o "Drivers/STM32F4xx_HAL_Driver/Src/stm32f4xx_hal_i2c.o"
arm-none-eabi-gcc "../Drivers/STM32F4xx_HAL_Driver/Src/stm32f4xx_hal_i2c_ex.c" -mcpu=cortex-m4 -std=gnu11 -g3 -DUSE_HAL_DRIVER -DSTM32F446xx -DDEBUG -c -I../Inc -I../Drivers/CMSIS/Include -I../Drivers/STM32F4xx_HAL_Driver/Inc -I../Drivers/CMSIS/Device/ST/STM32F4xx/Include -I../Drivers/STM32F4xx_HAL_Driver/Inc/Legacy -O0 -ffunction-sections -fdata-sections -Wall -fstack-usage -MMD -MP -MF"Drivers/STM32F4xx_HAL_Driver/Src/stm32f4xx_hal_i2c_ex.d" -MT"Drivers/STM32F4xx_HAL_Driver/Src/stm32f4xx_hal_i2c_ex.o" --specs=nano.specs -mfpu=fpv4-sp-d16 -mfloat-abi=hard -mthumb -o "Drivers/STM32F4xx_HAL_Driver/Src/stm32f4xx_hal_i2c_ex.o"
arm-none-eabi-gcc "../Drivers/STM32F4xx_HAL_Driver/Src/stm32f4xx_hal_pwr.c" -mcpu=cortex-m4 -std=gnu11 -g3 -DUSE_HAL_DRIVER -DSTM32F446xx -DDEBUG -c -I../Inc -I../Drivers/CMSIS/Include -I../Drivers/STM32F4xx_HAL_Driver/Inc -I../Drivers/CMSIS/Device/ST/STM32F4xx/Include -I../Drivers/STM32F4xx_HAL_Driver/Inc/Legacy -O0 -ffunction-sections -fdata-sections -Wall -fstack-usage -MMD -MP -MF"Drivers/STM32F4xx_HAL_Driver/Src/stm32f4xx_hal_pwr.d" -MT"Drivers/STM32F4xx_HAL_Driver/Src/stm32f4xx_hal_pwr.o" --specs=nano.specs -mfpu=fpv4-sp-d16 -mfloat-abi=hard -mthumb -o "Drivers/STM32F4xx_HAL_Driver/Src/stm32f4xx_hal_pwr.o"
arm-none-eabi-gcc "../Drivers/STM32F4xx_HAL_Driver/Src/stm32f4xx_hal_pwr_ex.c" -mcpu=cortex-m4 -std=gnu11 -g3 -DUSE_HAL_DRIVER -DSTM32F446xx -DDEBUG -c -I../Inc -I../Drivers/CMSIS/Include -I../Drivers/STM32F4xx_HAL_Driver/Inc -I../Drivers/CMSIS/Device/ST/STM32F4xx/Include -I../Drivers/STM32F4xx_HAL_Driver/Inc/Legacy -O0 -ffunction-sections -fdata-sections -Wall -fstack-usage -MMD -MP -MF"Drivers/STM32F4xx_HAL_Driver/Src/stm32f4xx_hal_pwr_ex.d" -MT"Drivers/STM32F4xx_HAL_Driver/Src/stm32f4xx_hal_pwr_ex.o" --specs=nano.specs -mfpu=fpv4-sp-d16 -mfloat-abi=hard -mthumb -o "Drivers/STM32F4xx_HAL_Driver/Src/stm32f4xx_hal_pwr_ex.o"
arm-none-eabi-gcc "../Drivers/STM32F4xx_HAL_Driver/Src/stm32f4xx_hal_rcc.c" -mcpu=cortex-m4 -std=gnu11 -g3 -DUSE_HAL_DRIVER -DSTM32F446xx -DDEBUG -c -I../Inc -I../Drivers/CMSIS/Include -I../Drivers/STM32F4xx_HAL_Driver/Inc -I../Drivers/CMSIS/Device/ST/STM32F4xx/Include -I../Drivers/STM32F4xx_HAL_Driver/Inc/Legacy -O0 -ffunction-sections -fdata-sections -Wall -fstack-usage -MMD -MP -MF"Drivers/STM32F4xx_HAL_Driver/Src/stm32f4xx_hal_rcc.d" -MT"Drivers/STM32F4xx_HAL_Driver/Src/stm32f4xx_hal_rcc.o" --specs=nano.specs -mfpu=fpv4-sp-d16 -mfloat-abi=hard -mthumb -o "Drivers/STM32F4xx_HAL_Driver/Src/stm32f4xx_hal_rcc.o"
arm-none-eabi-gcc "../Drivers/STM32F4xx_HAL_Driver/Src/stm32f4xx_hal_rcc_ex.c" -mcpu=cortex-m4 -std=gnu11 -g3 -DUSE_HAL_DRIVER -DSTM32F446xx -DDEBUG -c -I../Inc -I../Drivers/CMSIS/Include -I../Drivers/STM32F4xx_HAL_Driver/Inc -I../Drivers/CMSIS/Device/ST/STM32F4xx/Include -I../Drivers/STM32F4xx_HAL_Driver/Inc/Legacy -O0 -ffunction-sections -fdata-sections -Wall -fstack-usage -MMD -MP -MF"Drivers/STM32F4xx_HAL_Driver/Src/stm32f4xx_hal_rcc_ex.d" -MT"Drivers/STM32F4xx_HAL_Driver/Src/stm32f4xx_hal_rcc_ex.o" --specs=nano.specs -mfpu=fpv4-sp-d16 -mfloat-abi=hard -mthumb -o "Drivers/STM32F4xx_HAL_Driver/Src/stm32f4xx_hal_rcc_ex.o"
arm-none-eabi-gcc "../Drivers/STM32F4xx_HAL_Driver/Src/stm32f4xx_hal_tim.c" -mcpu=cortex-m4 -std=gnu11 -g3 -DUSE_HAL_DRIVER -DSTM32F446xx -DDEBUG -c -I../Inc -I../Drivers/CMSIS/Include -I../Drivers/STM32F4xx_HAL_Driver/Inc -I../Drivers/CMSIS/Device/ST/STM32F4xx/Include -I../Drivers/STM32F4xx_HAL_Driver/Inc/Legacy -O0 -ffunction-sections -fdata-sections -Wall -fstack-usage -MMD -MP -MF"Drivers/STM32F4xx_HAL_Driver/Src/stm32f4xx_hal_tim.d" -MT"Drivers/STM32F4xx_HAL_Driver/Src/stm32f4xx_hal_tim.o" --specs=nano.specs -mfpu=fpv4-sp-d16 -mfloat-abi=hard -mthumb -o "Drivers/STM32F4xx_HAL_Driver/Src/stm32f4xx_hal_tim.o"
arm-none-eabi-gcc "../Drivers/STM32F4xx_HAL_Driver/Src/stm32f4xx_hal_tim_ex.c" -mcpu=cortex-m4 -std=gnu11 -g3 -DUSE_HAL_DRIVER -DSTM32F446xx -DDEBUG -c -I../Inc -I../Drivers/CMSIS/Include -I../Drivers/STM32F4xx_HAL_Driver/Inc -I../Drivers/CMSIS/Device/ST/STM32F4xx/Include -I../Drivers/STM32F4xx_HAL_Driver/Inc/Legacy -O0 -ffunction-sections -fdata-sections -Wall -fstack-usage -MMD -MP -MF"Drivers/STM32F4xx_HAL_Driver/Src/stm32f4xx_hal_tim_ex.d" -MT"Drivers/STM32F4xx_HAL_Driver/Src/stm32f4xx_hal_tim_ex.o" --specs=nano.specs -mfpu=fpv4-sp-d16 -mfloat-abi=hard -mthumb -o "Drivers/STM32F4xx_HAL_Driver/Src/stm32f4xx_hal_tim_ex.o"
arm-none-eabi-gcc "../Drivers/OV7670/src/ov7670.c" -mcpu=cortex-m4 -std=gnu11 -g3 -DUSE_HAL_DRIVER -DSTM32F446xx -DDEBUG -c -I../Inc -I../Drivers/CMSIS/Include -I../Drivers/STM32F4xx_HAL_Driver/Inc -I../Drivers/CMSIS/Device/ST/STM32F4xx/Include -I../Drivers/STM32F4xx_HAL_Driver/Inc/Legacy -O0 -ffunction-sections -fdata-sections -Wall -fstack-usage -MMD -MP -MF"Drivers/OV7670/src/ov7670.d" -MT"Drivers/OV7670/src/ov7670.o" --specs=nano.specs -mfpu=fpv4-sp-d16 -mfloat-abi=hard -mthumb -o "Drivers/OV7670/src/ov7670.o"
../Drivers/OV7670/src/ov7670.c: In function 'HAL_DCMI_VsyncEventCallback':
../Drivers/OV7670/src/ov7670.c:102:18: warning: format '%d' expects argument of type 'int', but argument 2 has type 'uint32_t {aka long unsigned int}' [-Wformat=]
   printf("VSYNC %d\n", HAL_GetTick());
                 ~^     ~~~~~~~~~~~~~
                 %ld
../Drivers/OV7670/src/ov7670.c: In function 'ov7670_write':
../Drivers/OV7670/src/ov7670.c:115:10: warning: 'return' with a value, in function returning void
   return ret;
          ^~~
../Drivers/OV7670/src/ov7670.c:109:13: note: declared here
 static void ov7670_write(uint8_t regAddr, uint8_t data)
             ^~~~~~~~~~~~
../Drivers/OV7670/src/ov7670.c: In function 'ov7670_read':
../Drivers/OV7670/src/ov7670.c:125:10: warning: 'return' with a value, in function returning void
   return ret;
          ^~~
../Drivers/OV7670/src/ov7670.c:118:13: note: declared here
 static void ov7670_read(uint8_t regAddr, uint8_t *data)
             ^~~~~~~~~~~
arm-none-eabi-gcc -o "MCU_Firmware.elf" @"objects.list"   -mcpu=cortex-m4 -T"C:\Users\Alessandro\Desktop\STM32Workspace\ElectronicsForEmbeddedSystems\MCU_Firmware\STM32F446ZETX_FLASH.ld" --specs=nosys.specs -Wl,-Map="MCU_Firmware.map" -Wl,--gc-sections -static --specs=nano.specs -mfpu=fpv4-sp-d16 -mfloat-abi=hard -mthumb -Wl,--start-group -lc -lm -Wl,--end-group
Finished building target: MCU_Firmware.elf
 
arm-none-eabi-size   MCU_Firmware.elf 
arm-none-eabi-objdump -h -S  MCU_Firmware.elf  > "MCU_Firmware.list"
   text	   data	    bss	    dec	    hex	filename
  21308	    164	   2476	  23948	   5d8c	MCU_Firmware.elf
Finished building: default.size.stdout
 
Finished building: MCU_Firmware.list
 
09:38:35 **** Incremental Build of configuration Debug for project MCU_Firmware ****
make -j8 all 
arm-none-eabi-size   MCU_Firmware.elf 
   text	   data	    bss	    dec	    hex	filename
  21308	    164	   2476	  23948	   5d8c	MCU_Firmware.elf
Finished building: default.size.stdout
 
09:53:27 **** Incremental Build of configuration Debug for project MCU_Firmware ****
make -j8 all 
arm-none-eabi-size   MCU_Firmware.elf 
   text	   data	    bss	    dec	    hex	filename
  21308	    164	   2476	  23948	   5d8c	MCU_Firmware.elf
Finished building: default.size.stdout
 
09:55:41 **** Incremental Build of configuration Debug for project MCU_Firmware ****
make -j8 all 
arm-none-eabi-size   MCU_Firmware.elf 
   text	   data	    bss	    dec	    hex	filename
  21308	    164	   2476	  23948	   5d8c	MCU_Firmware.elf
Finished building: default.size.stdout
 
09:56:38 **** Incremental Build of configuration Debug for project MCU_Firmware ****
make -j8 all 
arm-none-eabi-size   MCU_Firmware.elf 
   text	   data	    bss	    dec	    hex	filename
  21308	    164	   2476	  23948	   5d8c	MCU_Firmware.elf
Finished building: default.size.stdout
 
09:57:14 **** Incremental Build of configuration Debug for project MCU_Firmware ****
make -j8 all 
arm-none-eabi-size   MCU_Firmware.elf 
   text	   data	    bss	    dec	    hex	filename
  21308	    164	   2476	  23948	   5d8c	MCU_Firmware.elf
Finished building: default.size.stdout
 
09:59:05 **** Incremental Build of configuration Debug for project MCU_Firmware ****
make -j8 all 
arm-none-eabi-size   MCU_Firmware.elf 
   text	   data	    bss	    dec	    hex	filename
  21308	    164	   2476	  23948	   5d8c	MCU_Firmware.elf
Finished building: default.size.stdout
 
10:00:22 **** Incremental Build of configuration Debug for project MCU_Firmware ****
make -j8 all 
arm-none-eabi-size   MCU_Firmware.elf 
   text	   data	    bss	    dec	    hex	filename
  21308	    164	   2476	  23948	   5d8c	MCU_Firmware.elf
Finished building: default.size.stdout
 
10:37:57 **** Incremental Build of configuration Debug for project MCU_Firmware ****
make -j8 all 
arm-none-eabi-gcc "../Drivers/OV7670/src/ov7670.c" -mcpu=cortex-m4 -std=gnu11 -g3 -DUSE_HAL_DRIVER -DSTM32F446xx -DDEBUG -c -I../Inc -I../Drivers/CMSIS/Include -I../Drivers/STM32F4xx_HAL_Driver/Inc -I../Drivers/CMSIS/Device/ST/STM32F4xx/Include -I../Drivers/STM32F4xx_HAL_Driver/Inc/Legacy -O0 -ffunction-sections -fdata-sections -Wall -fstack-usage -MMD -MP -MF"Drivers/OV7670/src/ov7670.d" -MT"Drivers/OV7670/src/ov7670.o" --specs=nano.specs -mfpu=fpv4-sp-d16 -mfloat-abi=hard -mthumb -o "Drivers/OV7670/src/ov7670.o"
../Drivers/OV7670/src/ov7670.c: In function 'HAL_DCMI_VsyncEventCallback':
../Drivers/OV7670/src/ov7670.c:102:18: warning: format '%d' expects argument of type 'int', but argument 2 has type 'uint32_t {aka long unsigned int}' [-Wformat=]
   printf("VSYNC %d\n", HAL_GetTick());
                 ~^     ~~~~~~~~~~~~~
                 %ld
../Drivers/OV7670/src/ov7670.c: In function 'ov7670_write':
../Drivers/OV7670/src/ov7670.c:115:10: warning: 'return' with a value, in function returning void
   return ret;
          ^~~
../Drivers/OV7670/src/ov7670.c:109:13: note: declared here
 static void ov7670_write(uint8_t regAddr, uint8_t data)
             ^~~~~~~~~~~~
../Drivers/OV7670/src/ov7670.c: In function 'ov7670_read':
../Drivers/OV7670/src/ov7670.c:125:10: warning: 'return' with a value, in function returning void
   return ret;
          ^~~
../Drivers/OV7670/src/ov7670.c:118:13: note: declared here
 static void ov7670_read(uint8_t regAddr, uint8_t *data)
             ^~~~~~~~~~~
arm-none-eabi-gcc -o "MCU_Firmware.elf" @"objects.list"   -mcpu=cortex-m4 -T"C:\Users\Alessandro\Desktop\STM32Workspace\ElectronicsForEmbeddedSystems\MCU_Firmware\STM32F446ZETX_FLASH.ld" --specs=nosys.specs -Wl,-Map="MCU_Firmware.map" -Wl,--gc-sections -static --specs=nano.specs -mfpu=fpv4-sp-d16 -mfloat-abi=hard -mthumb -Wl,--start-group -lc -lm -Wl,--end-group
Finished building target: MCU_Firmware.elf
 
arm-none-eabi-objdump -h -S  MCU_Firmware.elf  > "MCU_Firmware.list"
arm-none-eabi-size   MCU_Firmware.elf 
   text	   data	    bss	    dec	    hex	filename
  21308	    164	   2476	  23948	   5d8c	MCU_Firmware.elf
Finished building: default.size.stdout
 
Finished building: MCU_Firmware.list
 
10:40:54 **** Incremental Build of configuration Debug for project MCU_Firmware ****
make -j8 all 
arm-none-eabi-size   MCU_Firmware.elf 
   text	   data	    bss	    dec	    hex	filename
  21308	    164	   2476	  23948	   5d8c	MCU_Firmware.elf
Finished building: default.size.stdout
 
10:46:03 **** Incremental Build of configuration Debug for project MCU_Firmware ****
make -j8 all 
arm-none-eabi-size   MCU_Firmware.elf 
   text	   data	    bss	    dec	    hex	filename
  21308	    164	   2476	  23948	   5d8c	MCU_Firmware.elf
Finished building: default.size.stdout
 
10:51:29 **** Incremental Build of configuration Debug for project MCU_Firmware ****
make -j8 all 
arm-none-eabi-size   MCU_Firmware.elf 
   text	   data	    bss	    dec	    hex	filename
  21308	    164	   2476	  23948	   5d8c	MCU_Firmware.elf
Finished building: default.size.stdout
 
10:51:42 **** Incremental Build of configuration Debug for project MCU_Firmware ****
make -j8 all 
arm-none-eabi-size   MCU_Firmware.elf 
   text	   data	    bss	    dec	    hex	filename
  21308	    164	   2476	  23948	   5d8c	MCU_Firmware.elf
Finished building: default.size.stdout
 
10:52:45 **** Incremental Build of configuration Debug for project MCU_Firmware ****
make -j8 all 
arm-none-eabi-gcc "../Drivers/OV7670/src/ov7670.c" -mcpu=cortex-m4 -std=gnu11 -g3 -DUSE_HAL_DRIVER -DSTM32F446xx -DDEBUG -c -I../Inc -I../Drivers/CMSIS/Include -I../Drivers/STM32F4xx_HAL_Driver/Inc -I../Drivers/CMSIS/Device/ST/STM32F4xx/Include -I../Drivers/STM32F4xx_HAL_Driver/Inc/Legacy -O0 -ffunction-sections -fdata-sections -Wall -fstack-usage -MMD -MP -MF"Drivers/OV7670/src/ov7670.d" -MT"Drivers/OV7670/src/ov7670.o" --specs=nano.specs -mfpu=fpv4-sp-d16 -mfloat-abi=hard -mthumb -o "Drivers/OV7670/src/ov7670.o"
../Drivers/OV7670/src/ov7670.c: In function 'HAL_DCMI_VsyncEventCallback':
../Drivers/OV7670/src/ov7670.c:102:18: warning: format '%d' expects argument of type 'int', but argument 2 has type 'uint32_t {aka long unsigned int}' [-Wformat=]
   printf("VSYNC %d\n", HAL_GetTick());
                 ~^     ~~~~~~~~~~~~~
                 %ld
../Drivers/OV7670/src/ov7670.c: In function 'ov7670_write':
../Drivers/OV7670/src/ov7670.c:115:10: warning: 'return' with a value, in function returning void
   return ret;
          ^~~
../Drivers/OV7670/src/ov7670.c:109:13: note: declared here
 static void ov7670_write(uint8_t regAddr, uint8_t data)
             ^~~~~~~~~~~~
../Drivers/OV7670/src/ov7670.c: In function 'ov7670_read':
../Drivers/OV7670/src/ov7670.c:125:10: warning: 'return' with a value, in function returning void
   return ret;
          ^~~
../Drivers/OV7670/src/ov7670.c:118:13: note: declared here
 static void ov7670_read(uint8_t regAddr, uint8_t *data)
             ^~~~~~~~~~~
arm-none-eabi-gcc -o "MCU_Firmware.elf" @"objects.list"   -mcpu=cortex-m4 -T"C:\Users\Alessandro\Desktop\STM32Workspace\ElectronicsForEmbeddedSystems\MCU_Firmware\STM32F446ZETX_FLASH.ld" --specs=nosys.specs -Wl,-Map="MCU_Firmware.map" -Wl,--gc-sections -static --specs=nano.specs -mfpu=fpv4-sp-d16 -mfloat-abi=hard -mthumb -Wl,--start-group -lc -lm -Wl,--end-group
Finished building target: MCU_Firmware.elf
 
arm-none-eabi-objdump -h -S  MCU_Firmware.elf  > "MCU_Firmware.list"
arm-none-eabi-size   MCU_Firmware.elf 
   text	   data	    bss	    dec	    hex	filename
  21308	    164	   2476	  23948	   5d8c	MCU_Firmware.elf
Finished building: default.size.stdout
 
Finished building: MCU_Firmware.list
 
10:53:51 **** Incremental Build of configuration Debug for project MCU_Firmware ****
make -j8 all 
arm-none-eabi-size   MCU_Firmware.elf 
   text	   data	    bss	    dec	    hex	filename
  21308	    164	   2476	  23948	   5d8c	MCU_Firmware.elf
Finished building: default.size.stdout
 
10:54:13 **** Incremental Build of configuration Debug for project MCU_Firmware ****
make -j8 all 
arm-none-eabi-size   MCU_Firmware.elf 
   text	   data	    bss	    dec	    hex	filename
  21308	    164	   2476	  23948	   5d8c	MCU_Firmware.elf
Finished building: default.size.stdout
 
10:54:34 **** Incremental Build of configuration Debug for project MCU_Firmware ****
make -j8 all 
arm-none-eabi-gcc "../Drivers/OV7670/src/ov7670.c" -mcpu=cortex-m4 -std=gnu11 -g3 -DUSE_HAL_DRIVER -DSTM32F446xx -DDEBUG -c -I../Inc -I../Drivers/CMSIS/Include -I../Drivers/STM32F4xx_HAL_Driver/Inc -I../Drivers/CMSIS/Device/ST/STM32F4xx/Include -I../Drivers/STM32F4xx_HAL_Driver/Inc/Legacy -O0 -ffunction-sections -fdata-sections -Wall -fstack-usage -MMD -MP -MF"Drivers/OV7670/src/ov7670.d" -MT"Drivers/OV7670/src/ov7670.o" --specs=nano.specs -mfpu=fpv4-sp-d16 -mfloat-abi=hard -mthumb -o "Drivers/OV7670/src/ov7670.o"
../Drivers/OV7670/src/ov7670.c: In function 'HAL_DCMI_VsyncEventCallback':
../Drivers/OV7670/src/ov7670.c:102:18: warning: format '%d' expects argument of type 'int', but argument 2 has type 'uint32_t {aka long unsigned int}' [-Wformat=]
   printf("VSYNC %d\n", HAL_GetTick());
                 ~^     ~~~~~~~~~~~~~
                 %ld
../Drivers/OV7670/src/ov7670.c: In function 'ov7670_write':
../Drivers/OV7670/src/ov7670.c:115:10: warning: 'return' with a value, in function returning void
   return ret;
          ^~~
../Drivers/OV7670/src/ov7670.c:109:13: note: declared here
 static void ov7670_write(uint8_t regAddr, uint8_t data)
             ^~~~~~~~~~~~
../Drivers/OV7670/src/ov7670.c: In function 'ov7670_read':
../Drivers/OV7670/src/ov7670.c:125:10: warning: 'return' with a value, in function returning void
   return ret;
          ^~~
../Drivers/OV7670/src/ov7670.c:118:13: note: declared here
 static void ov7670_read(uint8_t regAddr, uint8_t *data)
             ^~~~~~~~~~~
arm-none-eabi-gcc -o "MCU_Firmware.elf" @"objects.list"   -mcpu=cortex-m4 -T"C:\Users\Alessandro\Desktop\STM32Workspace\ElectronicsForEmbeddedSystems\MCU_Firmware\STM32F446ZETX_FLASH.ld" --specs=nosys.specs -Wl,-Map="MCU_Firmware.map" -Wl,--gc-sections -static --specs=nano.specs -mfpu=fpv4-sp-d16 -mfloat-abi=hard -mthumb -Wl,--start-group -lc -lm -Wl,--end-group
Finished building target: MCU_Firmware.elf
 
arm-none-eabi-objdump -h -S  MCU_Firmware.elf  > "MCU_Firmware.list"
arm-none-eabi-size   MCU_Firmware.elf 
   text	   data	    bss	    dec	    hex	filename
  21308	    164	   2476	  23948	   5d8c	MCU_Firmware.elf
Finished building: default.size.stdout
 
Finished building: MCU_Firmware.list
 
11:06:50 **** Incremental Build of configuration Debug for project MCU_Firmware ****
make -j8 all 
arm-none-eabi-gcc "../Drivers/OV7670/src/ov7670.c" -mcpu=cortex-m4 -std=gnu11 -g3 -DUSE_HAL_DRIVER -DSTM32F446xx -DDEBUG -c -I../Inc -I../Drivers/CMSIS/Include -I../Drivers/STM32F4xx_HAL_Driver/Inc -I../Drivers/CMSIS/Device/ST/STM32F4xx/Include -I../Drivers/STM32F4xx_HAL_Driver/Inc/Legacy -O0 -ffunction-sections -fdata-sections -Wall -fstack-usage -MMD -MP -MF"Drivers/OV7670/src/ov7670.d" -MT"Drivers/OV7670/src/ov7670.o" --specs=nano.specs -mfpu=fpv4-sp-d16 -mfloat-abi=hard -mthumb -o "Drivers/OV7670/src/ov7670.o"
../Drivers/OV7670/src/ov7670.c: In function 'HAL_DCMI_VsyncEventCallback':
../Drivers/OV7670/src/ov7670.c:102:18: warning: format '%d' expects argument of type 'int', but argument 2 has type 'uint32_t {aka long unsigned int}' [-Wformat=]
   printf("VSYNC %d\n", HAL_GetTick());
                 ~^     ~~~~~~~~~~~~~
                 %ld
../Drivers/OV7670/src/ov7670.c: In function 'ov7670_write':
../Drivers/OV7670/src/ov7670.c:115:10: warning: 'return' with a value, in function returning void
   return ret;
          ^~~
../Drivers/OV7670/src/ov7670.c:109:13: note: declared here
 static void ov7670_write(uint8_t regAddr, uint8_t data)
             ^~~~~~~~~~~~
../Drivers/OV7670/src/ov7670.c: In function 'ov7670_read':
../Drivers/OV7670/src/ov7670.c:125:10: warning: 'return' with a value, in function returning void
   return ret;
          ^~~
../Drivers/OV7670/src/ov7670.c:118:13: note: declared here
 static void ov7670_read(uint8_t regAddr, uint8_t *data)
             ^~~~~~~~~~~
arm-none-eabi-gcc -o "MCU_Firmware.elf" @"objects.list"   -mcpu=cortex-m4 -T"C:\Users\Alessandro\Desktop\STM32Workspace\ElectronicsForEmbeddedSystems\MCU_Firmware\STM32F446ZETX_FLASH.ld" --specs=nosys.specs -Wl,-Map="MCU_Firmware.map" -Wl,--gc-sections -static --specs=nano.specs -mfpu=fpv4-sp-d16 -mfloat-abi=hard -mthumb -Wl,--start-group -lc -lm -Wl,--end-group
Finished building target: MCU_Firmware.elf
 
arm-none-eabi-objdump -h -S  MCU_Firmware.elf  > "MCU_Firmware.list"
arm-none-eabi-size   MCU_Firmware.elf 
   text	   data	    bss	    dec	    hex	filename
  21308	    164	   2476	  23948	   5d8c	MCU_Firmware.elf
Finished building: default.size.stdout
 
Finished building: MCU_Firmware.list
 
11:07:59 **** Clean-only build of configuration Debug for project MCU_Firmware ****
make -j8 clean 
rm -rf *
 
11:08:00 **** Incremental Build of configuration Debug for project MCU_Firmware ****
make -j8 all 
arm-none-eabi-gcc -mcpu=cortex-m4 -g3 -c -I../ -x assembler-with-cpp --specs=nano.specs -mfpu=fpv4-sp-d16 -mfloat-abi=hard -mthumb -o "Startup/startup_stm32f446zetx.o" "../Startup/startup_stm32f446zetx.s"
arm-none-eabi-gcc "../Src/main.c" -mcpu=cortex-m4 -std=gnu11 -g3 -DUSE_HAL_DRIVER -DSTM32F446xx -DDEBUG -c -I../Inc -I../Drivers/CMSIS/Include -I../Drivers/STM32F4xx_HAL_Driver/Inc -I../Drivers/CMSIS/Device/ST/STM32F4xx/Include -I../Drivers/STM32F4xx_HAL_Driver/Inc/Legacy -O0 -ffunction-sections -fdata-sections -Wall -fstack-usage -MMD -MP -MF"Src/main.d" -MT"Src/main.o" --specs=nano.specs -mfpu=fpv4-sp-d16 -mfloat-abi=hard -mthumb -o "Src/main.o"
arm-none-eabi-gcc "../Src/stm32f4xx_hal_msp.c" -mcpu=cortex-m4 -std=gnu11 -g3 -DUSE_HAL_DRIVER -DSTM32F446xx -DDEBUG -c -I../Inc -I../Drivers/CMSIS/Include -I../Drivers/STM32F4xx_HAL_Driver/Inc -I../Drivers/CMSIS/Device/ST/STM32F4xx/Include -I../Drivers/STM32F4xx_HAL_Driver/Inc/Legacy -O0 -ffunction-sections -fdata-sections -Wall -fstack-usage -MMD -MP -MF"Src/stm32f4xx_hal_msp.d" -MT"Src/stm32f4xx_hal_msp.o" --specs=nano.specs -mfpu=fpv4-sp-d16 -mfloat-abi=hard -mthumb -o "Src/stm32f4xx_hal_msp.o"
arm-none-eabi-gcc "../Src/stm32f4xx_it.c" -mcpu=cortex-m4 -std=gnu11 -g3 -DUSE_HAL_DRIVER -DSTM32F446xx -DDEBUG -c -I../Inc -I../Drivers/CMSIS/Include -I../Drivers/STM32F4xx_HAL_Driver/Inc -I../Drivers/CMSIS/Device/ST/STM32F4xx/Include -I../Drivers/STM32F4xx_HAL_Driver/Inc/Legacy -O0 -ffunction-sections -fdata-sections -Wall -fstack-usage -MMD -MP -MF"Src/stm32f4xx_it.d" -MT"Src/stm32f4xx_it.o" --specs=nano.specs -mfpu=fpv4-sp-d16 -mfloat-abi=hard -mthumb -o "Src/stm32f4xx_it.o"
arm-none-eabi-gcc "../Src/syscalls.c" -mcpu=cortex-m4 -std=gnu11 -g3 -DUSE_HAL_DRIVER -DSTM32F446xx -DDEBUG -c -I../Inc -I../Drivers/CMSIS/Include -I../Drivers/STM32F4xx_HAL_Driver/Inc -I../Drivers/CMSIS/Device/ST/STM32F4xx/Include -I../Drivers/STM32F4xx_HAL_Driver/Inc/Legacy -O0 -ffunction-sections -fdata-sections -Wall -fstack-usage -MMD -MP -MF"Src/syscalls.d" -MT"Src/syscalls.o" --specs=nano.specs -mfpu=fpv4-sp-d16 -mfloat-abi=hard -mthumb -o "Src/syscalls.o"
arm-none-eabi-gcc "../Src/sysmem.c" -mcpu=cortex-m4 -std=gnu11 -g3 -DUSE_HAL_DRIVER -DSTM32F446xx -DDEBUG -c -I../Inc -I../Drivers/CMSIS/Include -I../Drivers/STM32F4xx_HAL_Driver/Inc -I../Drivers/CMSIS/Device/ST/STM32F4xx/Include -I../Drivers/STM32F4xx_HAL_Driver/Inc/Legacy -O0 -ffunction-sections -fdata-sections -Wall -fstack-usage -MMD -MP -MF"Src/sysmem.d" -MT"Src/sysmem.o" --specs=nano.specs -mfpu=fpv4-sp-d16 -mfloat-abi=hard -mthumb -o "Src/sysmem.o"
arm-none-eabi-gcc "../Src/system_stm32f4xx.c" -mcpu=cortex-m4 -std=gnu11 -g3 -DUSE_HAL_DRIVER -DSTM32F446xx -DDEBUG -c -I../Inc -I../Drivers/CMSIS/Include -I../Drivers/STM32F4xx_HAL_Driver/Inc -I../Drivers/CMSIS/Device/ST/STM32F4xx/Include -I../Drivers/STM32F4xx_HAL_Driver/Inc/Legacy -O0 -ffunction-sections -fdata-sections -Wall -fstack-usage -MMD -MP -MF"Src/system_stm32f4xx.d" -MT"Src/system_stm32f4xx.o" --specs=nano.specs -mfpu=fpv4-sp-d16 -mfloat-abi=hard -mthumb -o "Src/system_stm32f4xx.o"
arm-none-eabi-gcc "../Drivers/myI2C/src/i2c.c" -mcpu=cortex-m4 -std=gnu11 -g3 -DUSE_HAL_DRIVER -DSTM32F446xx -DDEBUG -c -I../Inc -I../Drivers/CMSIS/Include -I../Drivers/STM32F4xx_HAL_Driver/Inc -I../Drivers/CMSIS/Device/ST/STM32F4xx/Include -I../Drivers/STM32F4xx_HAL_Driver/Inc/Legacy -O0 -ffunction-sections -fdata-sections -Wall -fstack-usage -MMD -MP -MF"Drivers/myI2C/src/i2c.d" -MT"Drivers/myI2C/src/i2c.o" --specs=nano.specs -mfpu=fpv4-sp-d16 -mfloat-abi=hard -mthumb -o "Drivers/myI2C/src/i2c.o"
arm-none-eabi-gcc "../Drivers/myADC/src/adc.c" -mcpu=cortex-m4 -std=gnu11 -g3 -DUSE_HAL_DRIVER -DSTM32F446xx -DDEBUG -c -I../Inc -I../Drivers/CMSIS/Include -I../Drivers/STM32F4xx_HAL_Driver/Inc -I../Drivers/CMSIS/Device/ST/STM32F4xx/Include -I../Drivers/STM32F4xx_HAL_Driver/Inc/Legacy -O0 -ffunction-sections -fdata-sections -Wall -fstack-usage -MMD -MP -MF"Drivers/myADC/src/adc.d" -MT"Drivers/myADC/src/adc.o" --specs=nano.specs -mfpu=fpv4-sp-d16 -mfloat-abi=hard -mthumb -o "Drivers/myADC/src/adc.o"
arm-none-eabi-gcc "../Drivers/STM32F4xx_HAL_Driver/Src/stm32f4xx_hal.c" -mcpu=cortex-m4 -std=gnu11 -g3 -DUSE_HAL_DRIVER -DSTM32F446xx -DDEBUG -c -I../Inc -I../Drivers/CMSIS/Include -I../Drivers/STM32F4xx_HAL_Driver/Inc -I../Drivers/CMSIS/Device/ST/STM32F4xx/Include -I../Drivers/STM32F4xx_HAL_Driver/Inc/Legacy -O0 -ffunction-sections -fdata-sections -Wall -fstack-usage -MMD -MP -MF"Drivers/STM32F4xx_HAL_Driver/Src/stm32f4xx_hal.d" -MT"Drivers/STM32F4xx_HAL_Driver/Src/stm32f4xx_hal.o" --specs=nano.specs -mfpu=fpv4-sp-d16 -mfloat-abi=hard -mthumb -o "Drivers/STM32F4xx_HAL_Driver/Src/stm32f4xx_hal.o"
../Src/main.c: In function 'main':
../Src/main.c:107:3: warning: implicit declaration of function 'ov7670_init' [-Wimplicit-function-declaration]
   ov7670_init(&hdcmi, &hdma_dcmi, &hi2c2);
   ^~~~~~~~~~~
../Src/main.c:79:9: warning: variable 'measure' set but not used [-Wunused-but-set-variable]
   float measure;
         ^~~~~~~
arm-none-eabi-gcc "../Drivers/STM32F4xx_HAL_Driver/Src/stm32f4xx_hal_cortex.c" -mcpu=cortex-m4 -std=gnu11 -g3 -DUSE_HAL_DRIVER -DSTM32F446xx -DDEBUG -c -I../Inc -I../Drivers/CMSIS/Include -I../Drivers/STM32F4xx_HAL_Driver/Inc -I../Drivers/CMSIS/Device/ST/STM32F4xx/Include -I../Drivers/STM32F4xx_HAL_Driver/Inc/Legacy -O0 -ffunction-sections -fdata-sections -Wall -fstack-usage -MMD -MP -MF"Drivers/STM32F4xx_HAL_Driver/Src/stm32f4xx_hal_cortex.d" -MT"Drivers/STM32F4xx_HAL_Driver/Src/stm32f4xx_hal_cortex.o" --specs=nano.specs -mfpu=fpv4-sp-d16 -mfloat-abi=hard -mthumb -o "Drivers/STM32F4xx_HAL_Driver/Src/stm32f4xx_hal_cortex.o"
arm-none-eabi-gcc "../Drivers/STM32F4xx_HAL_Driver/Src/stm32f4xx_hal_dcmi.c" -mcpu=cortex-m4 -std=gnu11 -g3 -DUSE_HAL_DRIVER -DSTM32F446xx -DDEBUG -c -I../Inc -I../Drivers/CMSIS/Include -I../Drivers/STM32F4xx_HAL_Driver/Inc -I../Drivers/CMSIS/Device/ST/STM32F4xx/Include -I../Drivers/STM32F4xx_HAL_Driver/Inc/Legacy -O0 -ffunction-sections -fdata-sections -Wall -fstack-usage -MMD -MP -MF"Drivers/STM32F4xx_HAL_Driver/Src/stm32f4xx_hal_dcmi.d" -MT"Drivers/STM32F4xx_HAL_Driver/Src/stm32f4xx_hal_dcmi.o" --specs=nano.specs -mfpu=fpv4-sp-d16 -mfloat-abi=hard -mthumb -o "Drivers/STM32F4xx_HAL_Driver/Src/stm32f4xx_hal_dcmi.o"
arm-none-eabi-gcc "../Drivers/STM32F4xx_HAL_Driver/Src/stm32f4xx_hal_dcmi_ex.c" -mcpu=cortex-m4 -std=gnu11 -g3 -DUSE_HAL_DRIVER -DSTM32F446xx -DDEBUG -c -I../Inc -I../Drivers/CMSIS/Include -I../Drivers/STM32F4xx_HAL_Driver/Inc -I../Drivers/CMSIS/Device/ST/STM32F4xx/Include -I../Drivers/STM32F4xx_HAL_Driver/Inc/Legacy -O0 -ffunction-sections -fdata-sections -Wall -fstack-usage -MMD -MP -MF"Drivers/STM32F4xx_HAL_Driver/Src/stm32f4xx_hal_dcmi_ex.d" -MT"Drivers/STM32F4xx_HAL_Driver/Src/stm32f4xx_hal_dcmi_ex.o" --specs=nano.specs -mfpu=fpv4-sp-d16 -mfloat-abi=hard -mthumb -o "Drivers/STM32F4xx_HAL_Driver/Src/stm32f4xx_hal_dcmi_ex.o"
arm-none-eabi-gcc "../Drivers/STM32F4xx_HAL_Driver/Src/stm32f4xx_hal_dma.c" -mcpu=cortex-m4 -std=gnu11 -g3 -DUSE_HAL_DRIVER -DSTM32F446xx -DDEBUG -c -I../Inc -I../Drivers/CMSIS/Include -I../Drivers/STM32F4xx_HAL_Driver/Inc -I../Drivers/CMSIS/Device/ST/STM32F4xx/Include -I../Drivers/STM32F4xx_HAL_Driver/Inc/Legacy -O0 -ffunction-sections -fdata-sections -Wall -fstack-usage -MMD -MP -MF"Drivers/STM32F4xx_HAL_Driver/Src/stm32f4xx_hal_dma.d" -MT"Drivers/STM32F4xx_HAL_Driver/Src/stm32f4xx_hal_dma.o" --specs=nano.specs -mfpu=fpv4-sp-d16 -mfloat-abi=hard -mthumb -o "Drivers/STM32F4xx_HAL_Driver/Src/stm32f4xx_hal_dma.o"
arm-none-eabi-gcc "../Drivers/STM32F4xx_HAL_Driver/Src/stm32f4xx_hal_dma_ex.c" -mcpu=cortex-m4 -std=gnu11 -g3 -DUSE_HAL_DRIVER -DSTM32F446xx -DDEBUG -c -I../Inc -I../Drivers/CMSIS/Include -I../Drivers/STM32F4xx_HAL_Driver/Inc -I../Drivers/CMSIS/Device/ST/STM32F4xx/Include -I../Drivers/STM32F4xx_HAL_Driver/Inc/Legacy -O0 -ffunction-sections -fdata-sections -Wall -fstack-usage -MMD -MP -MF"Drivers/STM32F4xx_HAL_Driver/Src/stm32f4xx_hal_dma_ex.d" -MT"Drivers/STM32F4xx_HAL_Driver/Src/stm32f4xx_hal_dma_ex.o" --specs=nano.specs -mfpu=fpv4-sp-d16 -mfloat-abi=hard -mthumb -o "Drivers/STM32F4xx_HAL_Driver/Src/stm32f4xx_hal_dma_ex.o"
arm-none-eabi-gcc "../Drivers/STM32F4xx_HAL_Driver/Src/stm32f4xx_hal_exti.c" -mcpu=cortex-m4 -std=gnu11 -g3 -DUSE_HAL_DRIVER -DSTM32F446xx -DDEBUG -c -I../Inc -I../Drivers/CMSIS/Include -I../Drivers/STM32F4xx_HAL_Driver/Inc -I../Drivers/CMSIS/Device/ST/STM32F4xx/Include -I../Drivers/STM32F4xx_HAL_Driver/Inc/Legacy -O0 -ffunction-sections -fdata-sections -Wall -fstack-usage -MMD -MP -MF"Drivers/STM32F4xx_HAL_Driver/Src/stm32f4xx_hal_exti.d" -MT"Drivers/STM32F4xx_HAL_Driver/Src/stm32f4xx_hal_exti.o" --specs=nano.specs -mfpu=fpv4-sp-d16 -mfloat-abi=hard -mthumb -o "Drivers/STM32F4xx_HAL_Driver/Src/stm32f4xx_hal_exti.o"
arm-none-eabi-gcc "../Drivers/STM32F4xx_HAL_Driver/Src/stm32f4xx_hal_flash.c" -mcpu=cortex-m4 -std=gnu11 -g3 -DUSE_HAL_DRIVER -DSTM32F446xx -DDEBUG -c -I../Inc -I../Drivers/CMSIS/Include -I../Drivers/STM32F4xx_HAL_Driver/Inc -I../Drivers/CMSIS/Device/ST/STM32F4xx/Include -I../Drivers/STM32F4xx_HAL_Driver/Inc/Legacy -O0 -ffunction-sections -fdata-sections -Wall -fstack-usage -MMD -MP -MF"Drivers/STM32F4xx_HAL_Driver/Src/stm32f4xx_hal_flash.d" -MT"Drivers/STM32F4xx_HAL_Driver/Src/stm32f4xx_hal_flash.o" --specs=nano.specs -mfpu=fpv4-sp-d16 -mfloat-abi=hard -mthumb -o "Drivers/STM32F4xx_HAL_Driver/Src/stm32f4xx_hal_flash.o"
arm-none-eabi-gcc "../Drivers/STM32F4xx_HAL_Driver/Src/stm32f4xx_hal_flash_ex.c" -mcpu=cortex-m4 -std=gnu11 -g3 -DUSE_HAL_DRIVER -DSTM32F446xx -DDEBUG -c -I../Inc -I../Drivers/CMSIS/Include -I../Drivers/STM32F4xx_HAL_Driver/Inc -I../Drivers/CMSIS/Device/ST/STM32F4xx/Include -I../Drivers/STM32F4xx_HAL_Driver/Inc/Legacy -O0 -ffunction-sections -fdata-sections -Wall -fstack-usage -MMD -MP -MF"Drivers/STM32F4xx_HAL_Driver/Src/stm32f4xx_hal_flash_ex.d" -MT"Drivers/STM32F4xx_HAL_Driver/Src/stm32f4xx_hal_flash_ex.o" --specs=nano.specs -mfpu=fpv4-sp-d16 -mfloat-abi=hard -mthumb -o "Drivers/STM32F4xx_HAL_Driver/Src/stm32f4xx_hal_flash_ex.o"
arm-none-eabi-gcc "../Drivers/STM32F4xx_HAL_Driver/Src/stm32f4xx_hal_flash_ramfunc.c" -mcpu=cortex-m4 -std=gnu11 -g3 -DUSE_HAL_DRIVER -DSTM32F446xx -DDEBUG -c -I../Inc -I../Drivers/CMSIS/Include -I../Drivers/STM32F4xx_HAL_Driver/Inc -I../Drivers/CMSIS/Device/ST/STM32F4xx/Include -I../Drivers/STM32F4xx_HAL_Driver/Inc/Legacy -O0 -ffunction-sections -fdata-sections -Wall -fstack-usage -MMD -MP -MF"Drivers/STM32F4xx_HAL_Driver/Src/stm32f4xx_hal_flash_ramfunc.d" -MT"Drivers/STM32F4xx_HAL_Driver/Src/stm32f4xx_hal_flash_ramfunc.o" --specs=nano.specs -mfpu=fpv4-sp-d16 -mfloat-abi=hard -mthumb -o "Drivers/STM32F4xx_HAL_Driver/Src/stm32f4xx_hal_flash_ramfunc.o"
arm-none-eabi-gcc "../Drivers/STM32F4xx_HAL_Driver/Src/stm32f4xx_hal_gpio.c" -mcpu=cortex-m4 -std=gnu11 -g3 -DUSE_HAL_DRIVER -DSTM32F446xx -DDEBUG -c -I../Inc -I../Drivers/CMSIS/Include -I../Drivers/STM32F4xx_HAL_Driver/Inc -I../Drivers/CMSIS/Device/ST/STM32F4xx/Include -I../Drivers/STM32F4xx_HAL_Driver/Inc/Legacy -O0 -ffunction-sections -fdata-sections -Wall -fstack-usage -MMD -MP -MF"Drivers/STM32F4xx_HAL_Driver/Src/stm32f4xx_hal_gpio.d" -MT"Drivers/STM32F4xx_HAL_Driver/Src/stm32f4xx_hal_gpio.o" --specs=nano.specs -mfpu=fpv4-sp-d16 -mfloat-abi=hard -mthumb -o "Drivers/STM32F4xx_HAL_Driver/Src/stm32f4xx_hal_gpio.o"
arm-none-eabi-gcc "../Drivers/STM32F4xx_HAL_Driver/Src/stm32f4xx_hal_i2c.c" -mcpu=cortex-m4 -std=gnu11 -g3 -DUSE_HAL_DRIVER -DSTM32F446xx -DDEBUG -c -I../Inc -I../Drivers/CMSIS/Include -I../Drivers/STM32F4xx_HAL_Driver/Inc -I../Drivers/CMSIS/Device/ST/STM32F4xx/Include -I../Drivers/STM32F4xx_HAL_Driver/Inc/Legacy -O0 -ffunction-sections -fdata-sections -Wall -fstack-usage -MMD -MP -MF"Drivers/STM32F4xx_HAL_Driver/Src/stm32f4xx_hal_i2c.d" -MT"Drivers/STM32F4xx_HAL_Driver/Src/stm32f4xx_hal_i2c.o" --specs=nano.specs -mfpu=fpv4-sp-d16 -mfloat-abi=hard -mthumb -o "Drivers/STM32F4xx_HAL_Driver/Src/stm32f4xx_hal_i2c.o"
arm-none-eabi-gcc "../Drivers/STM32F4xx_HAL_Driver/Src/stm32f4xx_hal_i2c_ex.c" -mcpu=cortex-m4 -std=gnu11 -g3 -DUSE_HAL_DRIVER -DSTM32F446xx -DDEBUG -c -I../Inc -I../Drivers/CMSIS/Include -I../Drivers/STM32F4xx_HAL_Driver/Inc -I../Drivers/CMSIS/Device/ST/STM32F4xx/Include -I../Drivers/STM32F4xx_HAL_Driver/Inc/Legacy -O0 -ffunction-sections -fdata-sections -Wall -fstack-usage -MMD -MP -MF"Drivers/STM32F4xx_HAL_Driver/Src/stm32f4xx_hal_i2c_ex.d" -MT"Drivers/STM32F4xx_HAL_Driver/Src/stm32f4xx_hal_i2c_ex.o" --specs=nano.specs -mfpu=fpv4-sp-d16 -mfloat-abi=hard -mthumb -o "Drivers/STM32F4xx_HAL_Driver/Src/stm32f4xx_hal_i2c_ex.o"
arm-none-eabi-gcc "../Drivers/STM32F4xx_HAL_Driver/Src/stm32f4xx_hal_pwr.c" -mcpu=cortex-m4 -std=gnu11 -g3 -DUSE_HAL_DRIVER -DSTM32F446xx -DDEBUG -c -I../Inc -I../Drivers/CMSIS/Include -I../Drivers/STM32F4xx_HAL_Driver/Inc -I../Drivers/CMSIS/Device/ST/STM32F4xx/Include -I../Drivers/STM32F4xx_HAL_Driver/Inc/Legacy -O0 -ffunction-sections -fdata-sections -Wall -fstack-usage -MMD -MP -MF"Drivers/STM32F4xx_HAL_Driver/Src/stm32f4xx_hal_pwr.d" -MT"Drivers/STM32F4xx_HAL_Driver/Src/stm32f4xx_hal_pwr.o" --specs=nano.specs -mfpu=fpv4-sp-d16 -mfloat-abi=hard -mthumb -o "Drivers/STM32F4xx_HAL_Driver/Src/stm32f4xx_hal_pwr.o"
arm-none-eabi-gcc "../Drivers/STM32F4xx_HAL_Driver/Src/stm32f4xx_hal_pwr_ex.c" -mcpu=cortex-m4 -std=gnu11 -g3 -DUSE_HAL_DRIVER -DSTM32F446xx -DDEBUG -c -I../Inc -I../Drivers/CMSIS/Include -I../Drivers/STM32F4xx_HAL_Driver/Inc -I../Drivers/CMSIS/Device/ST/STM32F4xx/Include -I../Drivers/STM32F4xx_HAL_Driver/Inc/Legacy -O0 -ffunction-sections -fdata-sections -Wall -fstack-usage -MMD -MP -MF"Drivers/STM32F4xx_HAL_Driver/Src/stm32f4xx_hal_pwr_ex.d" -MT"Drivers/STM32F4xx_HAL_Driver/Src/stm32f4xx_hal_pwr_ex.o" --specs=nano.specs -mfpu=fpv4-sp-d16 -mfloat-abi=hard -mthumb -o "Drivers/STM32F4xx_HAL_Driver/Src/stm32f4xx_hal_pwr_ex.o"
arm-none-eabi-gcc "../Drivers/STM32F4xx_HAL_Driver/Src/stm32f4xx_hal_rcc.c" -mcpu=cortex-m4 -std=gnu11 -g3 -DUSE_HAL_DRIVER -DSTM32F446xx -DDEBUG -c -I../Inc -I../Drivers/CMSIS/Include -I../Drivers/STM32F4xx_HAL_Driver/Inc -I../Drivers/CMSIS/Device/ST/STM32F4xx/Include -I../Drivers/STM32F4xx_HAL_Driver/Inc/Legacy -O0 -ffunction-sections -fdata-sections -Wall -fstack-usage -MMD -MP -MF"Drivers/STM32F4xx_HAL_Driver/Src/stm32f4xx_hal_rcc.d" -MT"Drivers/STM32F4xx_HAL_Driver/Src/stm32f4xx_hal_rcc.o" --specs=nano.specs -mfpu=fpv4-sp-d16 -mfloat-abi=hard -mthumb -o "Drivers/STM32F4xx_HAL_Driver/Src/stm32f4xx_hal_rcc.o"
arm-none-eabi-gcc "../Drivers/STM32F4xx_HAL_Driver/Src/stm32f4xx_hal_rcc_ex.c" -mcpu=cortex-m4 -std=gnu11 -g3 -DUSE_HAL_DRIVER -DSTM32F446xx -DDEBUG -c -I../Inc -I../Drivers/CMSIS/Include -I../Drivers/STM32F4xx_HAL_Driver/Inc -I../Drivers/CMSIS/Device/ST/STM32F4xx/Include -I../Drivers/STM32F4xx_HAL_Driver/Inc/Legacy -O0 -ffunction-sections -fdata-sections -Wall -fstack-usage -MMD -MP -MF"Drivers/STM32F4xx_HAL_Driver/Src/stm32f4xx_hal_rcc_ex.d" -MT"Drivers/STM32F4xx_HAL_Driver/Src/stm32f4xx_hal_rcc_ex.o" --specs=nano.specs -mfpu=fpv4-sp-d16 -mfloat-abi=hard -mthumb -o "Drivers/STM32F4xx_HAL_Driver/Src/stm32f4xx_hal_rcc_ex.o"
arm-none-eabi-gcc "../Drivers/STM32F4xx_HAL_Driver/Src/stm32f4xx_hal_tim.c" -mcpu=cortex-m4 -std=gnu11 -g3 -DUSE_HAL_DRIVER -DSTM32F446xx -DDEBUG -c -I../Inc -I../Drivers/CMSIS/Include -I../Drivers/STM32F4xx_HAL_Driver/Inc -I../Drivers/CMSIS/Device/ST/STM32F4xx/Include -I../Drivers/STM32F4xx_HAL_Driver/Inc/Legacy -O0 -ffunction-sections -fdata-sections -Wall -fstack-usage -MMD -MP -MF"Drivers/STM32F4xx_HAL_Driver/Src/stm32f4xx_hal_tim.d" -MT"Drivers/STM32F4xx_HAL_Driver/Src/stm32f4xx_hal_tim.o" --specs=nano.specs -mfpu=fpv4-sp-d16 -mfloat-abi=hard -mthumb -o "Drivers/STM32F4xx_HAL_Driver/Src/stm32f4xx_hal_tim.o"
arm-none-eabi-gcc "../Drivers/STM32F4xx_HAL_Driver/Src/stm32f4xx_hal_tim_ex.c" -mcpu=cortex-m4 -std=gnu11 -g3 -DUSE_HAL_DRIVER -DSTM32F446xx -DDEBUG -c -I../Inc -I../Drivers/CMSIS/Include -I../Drivers/STM32F4xx_HAL_Driver/Inc -I../Drivers/CMSIS/Device/ST/STM32F4xx/Include -I../Drivers/STM32F4xx_HAL_Driver/Inc/Legacy -O0 -ffunction-sections -fdata-sections -Wall -fstack-usage -MMD -MP -MF"Drivers/STM32F4xx_HAL_Driver/Src/stm32f4xx_hal_tim_ex.d" -MT"Drivers/STM32F4xx_HAL_Driver/Src/stm32f4xx_hal_tim_ex.o" --specs=nano.specs -mfpu=fpv4-sp-d16 -mfloat-abi=hard -mthumb -o "Drivers/STM32F4xx_HAL_Driver/Src/stm32f4xx_hal_tim_ex.o"
arm-none-eabi-gcc "../Drivers/OV7670/src/ov7670.c" -mcpu=cortex-m4 -std=gnu11 -g3 -DUSE_HAL_DRIVER -DSTM32F446xx -DDEBUG -c -I../Inc -I../Drivers/CMSIS/Include -I../Drivers/STM32F4xx_HAL_Driver/Inc -I../Drivers/CMSIS/Device/ST/STM32F4xx/Include -I../Drivers/STM32F4xx_HAL_Driver/Inc/Legacy -O0 -ffunction-sections -fdata-sections -Wall -fstack-usage -MMD -MP -MF"Drivers/OV7670/src/ov7670.d" -MT"Drivers/OV7670/src/ov7670.o" --specs=nano.specs -mfpu=fpv4-sp-d16 -mfloat-abi=hard -mthumb -o "Drivers/OV7670/src/ov7670.o"
../Drivers/OV7670/src/ov7670.c: In function 'HAL_DCMI_VsyncEventCallback':
../Drivers/OV7670/src/ov7670.c:102:18: warning: format '%d' expects argument of type 'int', but argument 2 has type 'uint32_t {aka long unsigned int}' [-Wformat=]
   printf("VSYNC %d\n", HAL_GetTick());
                 ~^     ~~~~~~~~~~~~~
                 %ld
../Drivers/OV7670/src/ov7670.c: In function 'ov7670_write':
../Drivers/OV7670/src/ov7670.c:115:10: warning: 'return' with a value, in function returning void
   return ret;
          ^~~
../Drivers/OV7670/src/ov7670.c:109:13: note: declared here
 static void ov7670_write(uint8_t regAddr, uint8_t data)
             ^~~~~~~~~~~~
../Drivers/OV7670/src/ov7670.c: In function 'ov7670_read':
../Drivers/OV7670/src/ov7670.c:125:10: warning: 'return' with a value, in function returning void
   return ret;
          ^~~
../Drivers/OV7670/src/ov7670.c:118:13: note: declared here
 static void ov7670_read(uint8_t regAddr, uint8_t *data)
             ^~~~~~~~~~~
arm-none-eabi-gcc -o "MCU_Firmware.elf" @"objects.list"   -mcpu=cortex-m4 -T"C:\Users\Alessandro\Desktop\STM32Workspace\ElectronicsForEmbeddedSystems\MCU_Firmware\STM32F446ZETX_FLASH.ld" --specs=nosys.specs -Wl,-Map="MCU_Firmware.map" -Wl,--gc-sections -static --specs=nano.specs -mfpu=fpv4-sp-d16 -mfloat-abi=hard -mthumb -Wl,--start-group -lc -lm -Wl,--end-group
Finished building target: MCU_Firmware.elf
 
arm-none-eabi-size   MCU_Firmware.elf 
arm-none-eabi-objdump -h -S  MCU_Firmware.elf  > "MCU_Firmware.list"
   text	   data	    bss	    dec	    hex	filename
  21136	    164	   2476	  23776	   5ce0	MCU_Firmware.elf
Finished building: default.size.stdout
 
Finished building: MCU_Firmware.list
 
11:13:28 **** Incremental Build of configuration Debug for project MCU_Firmware ****
make -j8 all 
arm-none-eabi-gcc "../Src/main.c" -mcpu=cortex-m4 -std=gnu11 -g3 -DUSE_HAL_DRIVER -DSTM32F446xx -DDEBUG -c -I../Inc -I../Drivers/CMSIS/Include -I../Drivers/STM32F4xx_HAL_Driver/Inc -I../Drivers/CMSIS/Device/ST/STM32F4xx/Include -I../Drivers/STM32F4xx_HAL_Driver/Inc/Legacy -O0 -ffunction-sections -fdata-sections -Wall -fstack-usage -MMD -MP -MF"Src/main.d" -MT"Src/main.o" --specs=nano.specs -mfpu=fpv4-sp-d16 -mfloat-abi=hard -mthumb -o "Src/main.o"
../Src/main.c: In function 'main':
../Src/main.c:79:9: warning: variable 'measure' set but not used [-Wunused-but-set-variable]
   float measure;
         ^~~~~~~
arm-none-eabi-gcc -o "MCU_Firmware.elf" @"objects.list"   -mcpu=cortex-m4 -T"C:\Users\Alessandro\Desktop\STM32Workspace\ElectronicsForEmbeddedSystems\MCU_Firmware\STM32F446ZETX_FLASH.ld" --specs=nosys.specs -Wl,-Map="MCU_Firmware.map" -Wl,--gc-sections -static --specs=nano.specs -mfpu=fpv4-sp-d16 -mfloat-abi=hard -mthumb -Wl,--start-group -lc -lm -Wl,--end-group
Finished building target: MCU_Firmware.elf
 
arm-none-eabi-objdump -h -S  MCU_Firmware.elf  > "MCU_Firmware.list"
arm-none-eabi-size   MCU_Firmware.elf 
   text	   data	    bss	    dec	    hex	filename
  15928	     68	   1932	  17928	   4608	MCU_Firmware.elf
Finished building: default.size.stdout
 
Finished building: MCU_Firmware.list
 
11:20:43 **** Incremental Build of configuration Debug for project MCU_Firmware ****
make -j8 all 
arm-none-eabi-size   MCU_Firmware.elf 
   text	   data	    bss	    dec	    hex	filename
  15928	     68	   1932	  17928	   4608	MCU_Firmware.elf
Finished building: default.size.stdout
 
11:21:16 **** Incremental Build of configuration Debug for project MCU_Firmware ****
make -j8 all 
arm-none-eabi-gcc "../Src/main.c" -mcpu=cortex-m4 -std=gnu11 -g3 -DUSE_HAL_DRIVER -DSTM32F446xx -DDEBUG -c -I../Inc -I../Drivers/CMSIS/Include -I../Drivers/STM32F4xx_HAL_Driver/Inc -I../Drivers/CMSIS/Device/ST/STM32F4xx/Include -I../Drivers/STM32F4xx_HAL_Driver/Inc/Legacy -O0 -ffunction-sections -fdata-sections -Wall -fstack-usage -MMD -MP -MF"Src/main.d" -MT"Src/main.o" --specs=nano.specs -mfpu=fpv4-sp-d16 -mfloat-abi=hard -mthumb -o "Src/main.o"
../Src/main.c: In function 'main':
../Src/main.c:79:9: warning: variable 'measure' set but not used [-Wunused-but-set-variable]
   float measure;
         ^~~~~~~
arm-none-eabi-gcc -o "MCU_Firmware.elf" @"objects.list"   -mcpu=cortex-m4 -T"C:\Users\Alessandro\Desktop\STM32Workspace\ElectronicsForEmbeddedSystems\MCU_Firmware\STM32F446ZETX_FLASH.ld" --specs=nosys.specs -Wl,-Map="MCU_Firmware.map" -Wl,--gc-sections -static --specs=nano.specs -mfpu=fpv4-sp-d16 -mfloat-abi=hard -mthumb -Wl,--start-group -lc -lm -Wl,--end-group
Finished building target: MCU_Firmware.elf
 
arm-none-eabi-objdump -h -S  MCU_Firmware.elf  > "MCU_Firmware.list"
arm-none-eabi-size   MCU_Firmware.elf 
   text	   data	    bss	    dec	    hex	filename
  15928	     68	   1932	  17928	   4608	MCU_Firmware.elf
Finished building: default.size.stdout
 
Finished building: MCU_Firmware.list
 
11:22:43 **** Incremental Build of configuration Debug for project MCU_Firmware ****
make -j8 all 
arm-none-eabi-size   MCU_Firmware.elf 
   text	   data	    bss	    dec	    hex	filename
  15928	     68	   1932	  17928	   4608	MCU_Firmware.elf
Finished building: default.size.stdout
 
11:23:15 **** Incremental Build of configuration Debug for project MCU_Firmware ****
make -j8 all 
arm-none-eabi-size   MCU_Firmware.elf 
   text	   data	    bss	    dec	    hex	filename
  15928	     68	   1932	  17928	   4608	MCU_Firmware.elf
Finished building: default.size.stdout
 
11:24:18 **** Incremental Build of configuration Debug for project MCU_Firmware ****
make -j8 all 
arm-none-eabi-gcc "../Src/main.c" -mcpu=cortex-m4 -std=gnu11 -g3 -DUSE_HAL_DRIVER -DSTM32F446xx -DDEBUG -c -I../Inc -I../Drivers/CMSIS/Include -I../Drivers/STM32F4xx_HAL_Driver/Inc -I../Drivers/CMSIS/Device/ST/STM32F4xx/Include -I../Drivers/STM32F4xx_HAL_Driver/Inc/Legacy -O0 -ffunction-sections -fdata-sections -Wall -fstack-usage -MMD -MP -MF"Src/main.d" -MT"Src/main.o" --specs=nano.specs -mfpu=fpv4-sp-d16 -mfloat-abi=hard -mthumb -o "Src/main.o"
../Src/main.c: In function 'main':
../Src/main.c:79:9: warning: variable 'measure' set but not used [-Wunused-but-set-variable]
   float measure;
         ^~~~~~~
arm-none-eabi-gcc -o "MCU_Firmware.elf" @"objects.list"   -mcpu=cortex-m4 -T"C:\Users\Alessandro\Desktop\STM32Workspace\ElectronicsForEmbeddedSystems\MCU_Firmware\STM32F446ZETX_FLASH.ld" --specs=nosys.specs -Wl,-Map="MCU_Firmware.map" -Wl,--gc-sections -static --specs=nano.specs -mfpu=fpv4-sp-d16 -mfloat-abi=hard -mthumb -Wl,--start-group -lc -lm -Wl,--end-group
Finished building target: MCU_Firmware.elf
 
arm-none-eabi-objdump -h -S  MCU_Firmware.elf  > "MCU_Firmware.list"
arm-none-eabi-size   MCU_Firmware.elf 
   text	   data	    bss	    dec	    hex	filename
  15928	     68	   1932	  17928	   4608	MCU_Firmware.elf
Finished building: default.size.stdout
 
Finished building: MCU_Firmware.list
 
11:26:53 **** Incremental Build of configuration Debug for project MCU_Firmware ****
make -j8 all 
arm-none-eabi-gcc "../Src/main.c" -mcpu=cortex-m4 -std=gnu11 -g3 -DUSE_HAL_DRIVER -DSTM32F446xx -DDEBUG -c -I../Inc -I../Drivers/CMSIS/Include -I../Drivers/STM32F4xx_HAL_Driver/Inc -I../Drivers/CMSIS/Device/ST/STM32F4xx/Include -I../Drivers/STM32F4xx_HAL_Driver/Inc/Legacy -O0 -ffunction-sections -fdata-sections -Wall -fstack-usage -MMD -MP -MF"Src/main.d" -MT"Src/main.o" --specs=nano.specs -mfpu=fpv4-sp-d16 -mfloat-abi=hard -mthumb -o "Src/main.o"
../Src/main.c: In function 'main':
../Src/main.c:79:9: warning: variable 'measure' set but not used [-Wunused-but-set-variable]
   float measure;
         ^~~~~~~
arm-none-eabi-gcc -o "MCU_Firmware.elf" @"objects.list"   -mcpu=cortex-m4 -T"C:\Users\Alessandro\Desktop\STM32Workspace\ElectronicsForEmbeddedSystems\MCU_Firmware\STM32F446ZETX_FLASH.ld" --specs=nosys.specs -Wl,-Map="MCU_Firmware.map" -Wl,--gc-sections -static --specs=nano.specs -mfpu=fpv4-sp-d16 -mfloat-abi=hard -mthumb -Wl,--start-group -lc -lm -Wl,--end-group
Finished building target: MCU_Firmware.elf
 
arm-none-eabi-objdump -h -S  MCU_Firmware.elf  > "MCU_Firmware.list"
arm-none-eabi-size   MCU_Firmware.elf 
   text	   data	    bss	    dec	    hex	filename
  15928	     68	   1932	  17928	   4608	MCU_Firmware.elf
Finished building: default.size.stdout
 
Finished building: MCU_Firmware.list
 
11:27:18 **** Incremental Build of configuration Debug for project MCU_Firmware ****
make -j8 all 
arm-none-eabi-gcc "../Src/main.c" -mcpu=cortex-m4 -std=gnu11 -g3 -DUSE_HAL_DRIVER -DSTM32F446xx -DDEBUG -c -I../Inc -I../Drivers/CMSIS/Include -I../Drivers/STM32F4xx_HAL_Driver/Inc -I../Drivers/CMSIS/Device/ST/STM32F4xx/Include -I../Drivers/STM32F4xx_HAL_Driver/Inc/Legacy -O0 -ffunction-sections -fdata-sections -Wall -fstack-usage -MMD -MP -MF"Src/main.d" -MT"Src/main.o" --specs=nano.specs -mfpu=fpv4-sp-d16 -mfloat-abi=hard -mthumb -o "Src/main.o"
../Src/main.c: In function 'main':
../Src/main.c:79:9: warning: variable 'measure' set but not used [-Wunused-but-set-variable]
   float measure;
         ^~~~~~~
arm-none-eabi-gcc -o "MCU_Firmware.elf" @"objects.list"   -mcpu=cortex-m4 -T"C:\Users\Alessandro\Desktop\STM32Workspace\ElectronicsForEmbeddedSystems\MCU_Firmware\STM32F446ZETX_FLASH.ld" --specs=nosys.specs -Wl,-Map="MCU_Firmware.map" -Wl,--gc-sections -static --specs=nano.specs -mfpu=fpv4-sp-d16 -mfloat-abi=hard -mthumb -Wl,--start-group -lc -lm -Wl,--end-group
Finished building target: MCU_Firmware.elf
 
arm-none-eabi-objdump -h -S  MCU_Firmware.elf  > "MCU_Firmware.list"
arm-none-eabi-size   MCU_Firmware.elf 
   text	   data	    bss	    dec	    hex	filename
  15928	     68	   1932	  17928	   4608	MCU_Firmware.elf
Finished building: default.size.stdout
 
Finished building: MCU_Firmware.list
 
11:27:45 **** Incremental Build of configuration Debug for project MCU_Firmware ****
make -j8 all 
arm-none-eabi-gcc "../Src/main.c" -mcpu=cortex-m4 -std=gnu11 -g3 -DUSE_HAL_DRIVER -DSTM32F446xx -DDEBUG -c -I../Inc -I../Drivers/CMSIS/Include -I../Drivers/STM32F4xx_HAL_Driver/Inc -I../Drivers/CMSIS/Device/ST/STM32F4xx/Include -I../Drivers/STM32F4xx_HAL_Driver/Inc/Legacy -O0 -ffunction-sections -fdata-sections -Wall -fstack-usage -MMD -MP -MF"Src/main.d" -MT"Src/main.o" --specs=nano.specs -mfpu=fpv4-sp-d16 -mfloat-abi=hard -mthumb -o "Src/main.o"
../Src/main.c: In function 'main':
../Src/main.c:79:9: warning: variable 'measure' set but not used [-Wunused-but-set-variable]
   float measure;
         ^~~~~~~
arm-none-eabi-gcc -o "MCU_Firmware.elf" @"objects.list"   -mcpu=cortex-m4 -T"C:\Users\Alessandro\Desktop\STM32Workspace\ElectronicsForEmbeddedSystems\MCU_Firmware\STM32F446ZETX_FLASH.ld" --specs=nosys.specs -Wl,-Map="MCU_Firmware.map" -Wl,--gc-sections -static --specs=nano.specs -mfpu=fpv4-sp-d16 -mfloat-abi=hard -mthumb -Wl,--start-group -lc -lm -Wl,--end-group
Finished building target: MCU_Firmware.elf
 
arm-none-eabi-objdump -h -S  MCU_Firmware.elf  > "MCU_Firmware.list"
arm-none-eabi-size   MCU_Firmware.elf 
   text	   data	    bss	    dec	    hex	filename
  15928	     68	   1932	  17928	   4608	MCU_Firmware.elf
Finished building: default.size.stdout
 
Finished building: MCU_Firmware.list
 
11:28:31 **** Incremental Build of configuration Debug for project MCU_Firmware ****
make -j8 all 
arm-none-eabi-gcc "../Src/main.c" -mcpu=cortex-m4 -std=gnu11 -g3 -DUSE_HAL_DRIVER -DSTM32F446xx -DDEBUG -c -I../Inc -I../Drivers/CMSIS/Include -I../Drivers/STM32F4xx_HAL_Driver/Inc -I../Drivers/CMSIS/Device/ST/STM32F4xx/Include -I../Drivers/STM32F4xx_HAL_Driver/Inc/Legacy -O0 -ffunction-sections -fdata-sections -Wall -fstack-usage -MMD -MP -MF"Src/main.d" -MT"Src/main.o" --specs=nano.specs -mfpu=fpv4-sp-d16 -mfloat-abi=hard -mthumb -o "Src/main.o"
../Src/main.c: In function 'main':
../Src/main.c:106:21: warning: unused variable 'i' [-Wunused-variable]
   HAL_StatusTypeDef i = HAL_I2C_Master_Transmit(&hi2c2, 0x43<<1, conf, 2, 300);
                     ^
../Src/main.c:79:9: warning: variable 'measure' set but not used [-Wunused-but-set-variable]
   float measure;
         ^~~~~~~
arm-none-eabi-gcc -o "MCU_Firmware.elf" @"objects.list"   -mcpu=cortex-m4 -T"C:\Users\Alessandro\Desktop\STM32Workspace\ElectronicsForEmbeddedSystems\MCU_Firmware\STM32F446ZETX_FLASH.ld" --specs=nosys.specs -Wl,-Map="MCU_Firmware.map" -Wl,--gc-sections -static --specs=nano.specs -mfpu=fpv4-sp-d16 -mfloat-abi=hard -mthumb -Wl,--start-group -lc -lm -Wl,--end-group
Finished building target: MCU_Firmware.elf
 
arm-none-eabi-objdump -h -S  MCU_Firmware.elf  > "MCU_Firmware.list"
arm-none-eabi-size   MCU_Firmware.elf 
   text	   data	    bss	    dec	    hex	filename
  15932	     68	   1932	  17932	   460c	MCU_Firmware.elf
Finished building: default.size.stdout
 
Finished building: MCU_Firmware.list
 
11:29:37 **** Incremental Build of configuration Debug for project MCU_Firmware ****
make -j8 all 
arm-none-eabi-size   MCU_Firmware.elf 
   text	   data	    bss	    dec	    hex	filename
  15932	     68	   1932	  17932	   460c	MCU_Firmware.elf
Finished building: default.size.stdout
 
11:31:37 **** Incremental Build of configuration Debug for project MCU_Firmware ****
make -j8 all 
arm-none-eabi-gcc "../Src/main.c" -mcpu=cortex-m4 -std=gnu11 -g3 -DUSE_HAL_DRIVER -DSTM32F446xx -DDEBUG -c -I../Inc -I../Drivers/CMSIS/Include -I../Drivers/STM32F4xx_HAL_Driver/Inc -I../Drivers/CMSIS/Device/ST/STM32F4xx/Include -I../Drivers/STM32F4xx_HAL_Driver/Inc/Legacy -O0 -ffunction-sections -fdata-sections -Wall -fstack-usage -MMD -MP -MF"Src/main.d" -MT"Src/main.o" --specs=nano.specs -mfpu=fpv4-sp-d16 -mfloat-abi=hard -mthumb -o "Src/main.o"
../Src/main.c: In function 'main':
../Src/main.c:107:21: warning: unused variable 'i' [-Wunused-variable]
   HAL_StatusTypeDef i = HAL_I2C_Master_Transmit(&hi2c2, 0x43<<1, conf, 2, 300);
                     ^
../Src/main.c:79:9: warning: variable 'measure' set but not used [-Wunused-but-set-variable]
   float measure;
         ^~~~~~~
arm-none-eabi-gcc -o "MCU_Firmware.elf" @"objects.list"   -mcpu=cortex-m4 -T"C:\Users\Alessandro\Desktop\STM32Workspace\ElectronicsForEmbeddedSystems\MCU_Firmware\STM32F446ZETX_FLASH.ld" --specs=nosys.specs -Wl,-Map="MCU_Firmware.map" -Wl,--gc-sections -static --specs=nano.specs -mfpu=fpv4-sp-d16 -mfloat-abi=hard -mthumb -Wl,--start-group -lc -lm -Wl,--end-group
Finished building target: MCU_Firmware.elf
 
arm-none-eabi-objdump -h -S  MCU_Firmware.elf  > "MCU_Firmware.list"
arm-none-eabi-size   MCU_Firmware.elf 
   text	   data	    bss	    dec	    hex	filename
  16528	     68	   1932	  18528	   4860	MCU_Firmware.elf
Finished building: default.size.stdout
 
Finished building: MCU_Firmware.list
 
11:31:53 **** Incremental Build of configuration Debug for project MCU_Firmware ****
make -j8 all 
arm-none-eabi-size   MCU_Firmware.elf 
   text	   data	    bss	    dec	    hex	filename
  16528	     68	   1932	  18528	   4860	MCU_Firmware.elf
Finished building: default.size.stdout
 
11:35:00 **** Incremental Build of configuration Debug for project MCU_Firmware ****
make -j8 all 
arm-none-eabi-size   MCU_Firmware.elf 
   text	   data	    bss	    dec	    hex	filename
  16528	     68	   1932	  18528	   4860	MCU_Firmware.elf
Finished building: default.size.stdout
 
11:37:24 **** Incremental Build of configuration Debug for project MCU_Firmware ****
make -j8 all 
arm-none-eabi-gcc "../Src/main.c" -mcpu=cortex-m4 -std=gnu11 -g3 -DUSE_HAL_DRIVER -DSTM32F446xx -DDEBUG -c -I../Inc -I../Drivers/CMSIS/Include -I../Drivers/STM32F4xx_HAL_Driver/Inc -I../Drivers/CMSIS/Device/ST/STM32F4xx/Include -I../Drivers/STM32F4xx_HAL_Driver/Inc/Legacy -O0 -ffunction-sections -fdata-sections -Wall -fstack-usage -MMD -MP -MF"Src/main.d" -MT"Src/main.o" --specs=nano.specs -mfpu=fpv4-sp-d16 -mfloat-abi=hard -mthumb -o "Src/main.o"
../Src/main.c: In function 'main':
../Src/main.c:107:21: warning: unused variable 'i' [-Wunused-variable]
   HAL_StatusTypeDef i = HAL_I2C_Master_Transmit(&hi2c2, 0x42<1, conf, 2, 300);
                     ^
../Src/main.c:79:9: warning: variable 'measure' set but not used [-Wunused-but-set-variable]
   float measure;
         ^~~~~~~
arm-none-eabi-gcc -o "MCU_Firmware.elf" @"objects.list"   -mcpu=cortex-m4 -T"C:\Users\Alessandro\Desktop\STM32Workspace\ElectronicsForEmbeddedSystems\MCU_Firmware\STM32F446ZETX_FLASH.ld" --specs=nosys.specs -Wl,-Map="MCU_Firmware.map" -Wl,--gc-sections -static --specs=nano.specs -mfpu=fpv4-sp-d16 -mfloat-abi=hard -mthumb -Wl,--start-group -lc -lm -Wl,--end-group
Finished building target: MCU_Firmware.elf
 
arm-none-eabi-objdump -h -S  MCU_Firmware.elf  > "MCU_Firmware.list"
arm-none-eabi-size   MCU_Firmware.elf 
   text	   data	    bss	    dec	    hex	filename
  15932	     68	   1932	  17932	   460c	MCU_Firmware.elf
Finished building: default.size.stdout
 
Finished building: MCU_Firmware.list
 
11:37:59 **** Incremental Build of configuration Debug for project MCU_Firmware ****
make -j8 all 
arm-none-eabi-size   MCU_Firmware.elf 
   text	   data	    bss	    dec	    hex	filename
  15932	     68	   1932	  17932	   460c	MCU_Firmware.elf
Finished building: default.size.stdout
 
11:38:31 **** Incremental Build of configuration Debug for project MCU_Firmware ****
make -j8 all 
arm-none-eabi-gcc "../Src/main.c" -mcpu=cortex-m4 -std=gnu11 -g3 -DUSE_HAL_DRIVER -DSTM32F446xx -DDEBUG -c -I../Inc -I../Drivers/CMSIS/Include -I../Drivers/STM32F4xx_HAL_Driver/Inc -I../Drivers/CMSIS/Device/ST/STM32F4xx/Include -I../Drivers/STM32F4xx_HAL_Driver/Inc/Legacy -O0 -ffunction-sections -fdata-sections -Wall -fstack-usage -MMD -MP -MF"Src/main.d" -MT"Src/main.o" --specs=nano.specs -mfpu=fpv4-sp-d16 -mfloat-abi=hard -mthumb -o "Src/main.o"
../Src/main.c: In function 'main':
../Src/main.c:107:21: warning: unused variable 'i' [-Wunused-variable]
   HAL_StatusTypeDef i = HAL_I2C_Master_Transmit(&hi2c2, 0x42<<1, conf, 2, 300);
                     ^
../Src/main.c:79:9: warning: variable 'measure' set but not used [-Wunused-but-set-variable]
   float measure;
         ^~~~~~~
arm-none-eabi-gcc -o "MCU_Firmware.elf" @"objects.list"   -mcpu=cortex-m4 -T"C:\Users\Alessandro\Desktop\STM32Workspace\ElectronicsForEmbeddedSystems\MCU_Firmware\STM32F446ZETX_FLASH.ld" --specs=nosys.specs -Wl,-Map="MCU_Firmware.map" -Wl,--gc-sections -static --specs=nano.specs -mfpu=fpv4-sp-d16 -mfloat-abi=hard -mthumb -Wl,--start-group -lc -lm -Wl,--end-group
Finished building target: MCU_Firmware.elf
 
arm-none-eabi-objdump -h -S  MCU_Firmware.elf  > "MCU_Firmware.list"
arm-none-eabi-size   MCU_Firmware.elf 
   text	   data	    bss	    dec	    hex	filename
  15932	     68	   1932	  17932	   460c	MCU_Firmware.elf
Finished building: default.size.stdout
 
Finished building: MCU_Firmware.list
 
11:39:04 **** Incremental Build of configuration Debug for project MCU_Firmware ****
make -j8 all 
arm-none-eabi-gcc "../Src/main.c" -mcpu=cortex-m4 -std=gnu11 -g3 -DUSE_HAL_DRIVER -DSTM32F446xx -DDEBUG -c -I../Inc -I../Drivers/CMSIS/Include -I../Drivers/STM32F4xx_HAL_Driver/Inc -I../Drivers/CMSIS/Device/ST/STM32F4xx/Include -I../Drivers/STM32F4xx_HAL_Driver/Inc/Legacy -O0 -ffunction-sections -fdata-sections -Wall -fstack-usage -MMD -MP -MF"Src/main.d" -MT"Src/main.o" --specs=nano.specs -mfpu=fpv4-sp-d16 -mfloat-abi=hard -mthumb -o "Src/main.o"
../Src/main.c: In function 'main':
../Src/main.c:107:21: warning: unused variable 'i' [-Wunused-variable]
   HAL_StatusTypeDef i = HAL_I2C_Master_Transmit(&hi2c2, 0x42, conf, 2, 300);
                     ^
../Src/main.c:79:9: warning: variable 'measure' set but not used [-Wunused-but-set-variable]
   float measure;
         ^~~~~~~
arm-none-eabi-gcc -o "MCU_Firmware.elf" @"objects.list"   -mcpu=cortex-m4 -T"C:\Users\Alessandro\Desktop\STM32Workspace\ElectronicsForEmbeddedSystems\MCU_Firmware\STM32F446ZETX_FLASH.ld" --specs=nosys.specs -Wl,-Map="MCU_Firmware.map" -Wl,--gc-sections -static --specs=nano.specs -mfpu=fpv4-sp-d16 -mfloat-abi=hard -mthumb -Wl,--start-group -lc -lm -Wl,--end-group
Finished building target: MCU_Firmware.elf
 
arm-none-eabi-objdump -h -S  MCU_Firmware.elf  > "MCU_Firmware.list"
arm-none-eabi-size   MCU_Firmware.elf 
   text	   data	    bss	    dec	    hex	filename
  15932	     68	   1932	  17932	   460c	MCU_Firmware.elf
Finished building: default.size.stdout
 
Finished building: MCU_Firmware.list
 
11:40:48 **** Incremental Build of configuration Debug for project MCU_Firmware ****
make -j8 all 
arm-none-eabi-gcc "../Src/main.c" -mcpu=cortex-m4 -std=gnu11 -g3 -DUSE_HAL_DRIVER -DSTM32F446xx -DDEBUG -c -I../Inc -I../Drivers/CMSIS/Include -I../Drivers/STM32F4xx_HAL_Driver/Inc -I../Drivers/CMSIS/Device/ST/STM32F4xx/Include -I../Drivers/STM32F4xx_HAL_Driver/Inc/Legacy -O0 -ffunction-sections -fdata-sections -Wall -fstack-usage -MMD -MP -MF"Src/main.d" -MT"Src/main.o" --specs=nano.specs -mfpu=fpv4-sp-d16 -mfloat-abi=hard -mthumb -o "Src/main.o"
../Src/main.c: In function 'main':
../Src/main.c:107:21: warning: unused variable 'i' [-Wunused-variable]
   HAL_StatusTypeDef i = HAL_I2C_Master_Transmit(&hi2c2, 0x42<<1, conf, 2, 300);
                     ^
../Src/main.c:79:9: warning: variable 'measure' set but not used [-Wunused-but-set-variable]
   float measure;
         ^~~~~~~
arm-none-eabi-gcc -o "MCU_Firmware.elf" @"objects.list"   -mcpu=cortex-m4 -T"C:\Users\Alessandro\Desktop\STM32Workspace\ElectronicsForEmbeddedSystems\MCU_Firmware\STM32F446ZETX_FLASH.ld" --specs=nosys.specs -Wl,-Map="MCU_Firmware.map" -Wl,--gc-sections -static --specs=nano.specs -mfpu=fpv4-sp-d16 -mfloat-abi=hard -mthumb -Wl,--start-group -lc -lm -Wl,--end-group
Finished building target: MCU_Firmware.elf
 
arm-none-eabi-objdump -h -S  MCU_Firmware.elf  > "MCU_Firmware.list"
arm-none-eabi-size   MCU_Firmware.elf 
   text	   data	    bss	    dec	    hex	filename
  15932	     68	   1932	  17932	   460c	MCU_Firmware.elf
Finished building: default.size.stdout
 
Finished building: MCU_Firmware.list
 
11:43:51 **** Incremental Build of configuration Debug for project MCU_Firmware ****
make -j8 all 
arm-none-eabi-size   MCU_Firmware.elf 
   text	   data	    bss	    dec	    hex	filename
  15932	     68	   1932	  17932	   460c	MCU_Firmware.elf
Finished building: default.size.stdout
 
11:57:59 **** Incremental Build of configuration Debug for project MCU_Firmware ****
make -j8 all 
arm-none-eabi-size   MCU_Firmware.elf 
   text	   data	    bss	    dec	    hex	filename
  15932	     68	   1932	  17932	   460c	MCU_Firmware.elf
Finished building: default.size.stdout
 
12:08:12 **** Incremental Build of configuration Debug for project MCU_Firmware ****
make -j8 all 
arm-none-eabi-gcc "../Src/main.c" -mcpu=cortex-m4 -std=gnu11 -g3 -DUSE_HAL_DRIVER -DSTM32F446xx -DDEBUG -c -I../Inc -I../Drivers/CMSIS/Include -I../Drivers/STM32F4xx_HAL_Driver/Inc -I../Drivers/CMSIS/Device/ST/STM32F4xx/Include -I../Drivers/STM32F4xx_HAL_Driver/Inc/Legacy -O0 -ffunction-sections -fdata-sections -Wall -fstack-usage -MMD -MP -MF"Src/main.d" -MT"Src/main.o" --specs=nano.specs -mfpu=fpv4-sp-d16 -mfloat-abi=hard -mthumb -o "Src/main.o"
../Src/main.c: In function 'main':
../Src/main.c:107:21: warning: unused variable 'i' [-Wunused-variable]
   HAL_StatusTypeDef i = HAL_I2C_Master_Transmit(&hi2c2, 0x42, conf, 2, 300);
                     ^
../Src/main.c:79:9: warning: variable 'measure' set but not used [-Wunused-but-set-variable]
   float measure;
         ^~~~~~~
arm-none-eabi-gcc -o "MCU_Firmware.elf" @"objects.list"   -mcpu=cortex-m4 -T"C:\Users\Alessandro\Desktop\STM32Workspace\ElectronicsForEmbeddedSystems\MCU_Firmware\STM32F446ZETX_FLASH.ld" --specs=nosys.specs -Wl,-Map="MCU_Firmware.map" -Wl,--gc-sections -static --specs=nano.specs -mfpu=fpv4-sp-d16 -mfloat-abi=hard -mthumb -Wl,--start-group -lc -lm -Wl,--end-group
Finished building target: MCU_Firmware.elf
 
arm-none-eabi-objdump -h -S  MCU_Firmware.elf  > "MCU_Firmware.list"
arm-none-eabi-size   MCU_Firmware.elf 
   text	   data	    bss	    dec	    hex	filename
  15932	     68	   1932	  17932	   460c	MCU_Firmware.elf
Finished building: default.size.stdout
 
Finished building: MCU_Firmware.list
 
15:12:29 **** Incremental Build of configuration Debug for project MCU_Firmware ****
make -j8 all 
arm-none-eabi-gcc -mcpu=cortex-m4 -g3 -c -I../ -x assembler-with-cpp --specs=nano.specs -mfpu=fpv4-sp-d16 -mfloat-abi=hard -mthumb -o "Startup/startup_stm32f446zetx.o" "../Startup/startup_stm32f446zetx.s"
[...]
                 %ld
../Drivers/OV7670/src/ov7670.c: In function 'ov7670_write':
../Drivers/OV7670/src/ov7670.c:116:10: warning: 'return' with a value, in function returning void
   return ret;
          ^~~
../Drivers/OV7670/src/ov7670.c:110:13: note: declared here
 static void ov7670_write(uint8_t regAddr, uint8_t data)
             ^~~~~~~~~~~~
../Drivers/OV7670/src/ov7670.c: In function 'ov7670_read':
../Drivers/OV7670/src/ov7670.c:126:10: warning: 'return' with a value, in function returning void
   return ret;
          ^~~
../Drivers/OV7670/src/ov7670.c:119:13: note: declared here
 static void ov7670_read(uint8_t regAddr, uint8_t *data)
             ^~~~~~~~~~~
arm-none-eabi-gcc -o "MCU_Firmware.elf" @"objects.list"   -mcpu=cortex-m4 -T"C:\Users\Alessandro\Desktop\STM32Workspace\ElectronicsForEmbeddedSystems\MCU_Firmware\STM32F446ZETX_FLASH.ld" --specs=nosys.specs -Wl,-Map="MCU_Firmware.map" -Wl,--gc-sections -static --specs=nano.specs -mfpu=fpv4-sp-d16 -mfloat-abi=hard -mthumb -Wl,--start-group -lc -lm -Wl,--end-group
Finished building target: MCU_Firmware.elf
 
arm-none-eabi-objdump -h -S  MCU_Firmware.elf  > "MCU_Firmware.list"
arm-none-eabi-size   MCU_Firmware.elf 
   text	   data	    bss	    dec	    hex	filename
  21764	    164	   2220	  24148	   5e54	MCU_Firmware.elf
Finished building: default.size.stdout
 
Finished building: MCU_Firmware.list
 
17:46:24 **** Incremental Build of configuration Debug for project MCU_Firmware ****
make -j8 all 
arm-none-eabi-gcc "../Src/main.c" -mcpu=cortex-m4 -std=gnu11 -g3 -DUSE_HAL_DRIVER -DSTM32F446xx -DDEBUG -c -I../Inc -I../Drivers/CMSIS/Include -I../Drivers/STM32F4xx_HAL_Driver/Inc -I../Drivers/CMSIS/Device/ST/STM32F4xx/Include -I../Drivers/STM32F4xx_HAL_Driver/Inc/Legacy -O0 -ffunction-sections -fdata-sections -Wall -fstack-usage -MMD -MP -MF"Src/main.d" -MT"Src/main.o" --specs=nano.specs -mfpu=fpv4-sp-d16 -mfloat-abi=hard -mthumb -o "Src/main.o"
arm-none-eabi-gcc "../Src/stm32f4xx_hal_msp.c" -mcpu=cortex-m4 -std=gnu11 -g3 -DUSE_HAL_DRIVER -DSTM32F446xx -DDEBUG -c -I../Inc -I../Drivers/CMSIS/Include -I../Drivers/STM32F4xx_HAL_Driver/Inc -I../Drivers/CMSIS/Device/ST/STM32F4xx/Include -I../Drivers/STM32F4xx_HAL_Driver/Inc/Legacy -O0 -ffunction-sections -fdata-sections -Wall -fstack-usage -MMD -MP -MF"Src/stm32f4xx_hal_msp.d" -MT"Src/stm32f4xx_hal_msp.o" --specs=nano.specs -mfpu=fpv4-sp-d16 -mfloat-abi=hard -mthumb -o "Src/stm32f4xx_hal_msp.o"
arm-none-eabi-gcc "../Src/stm32f4xx_it.c" -mcpu=cortex-m4 -std=gnu11 -g3 -DUSE_HAL_DRIVER -DSTM32F446xx -DDEBUG -c -I../Inc -I../Drivers/CMSIS/Include -I../Drivers/STM32F4xx_HAL_Driver/Inc -I../Drivers/CMSIS/Device/ST/STM32F4xx/Include -I../Drivers/STM32F4xx_HAL_Driver/Inc/Legacy -O0 -ffunction-sections -fdata-sections -Wall -fstack-usage -MMD -MP -MF"Src/stm32f4xx_it.d" -MT"Src/stm32f4xx_it.o" --specs=nano.specs -mfpu=fpv4-sp-d16 -mfloat-abi=hard -mthumb -o "Src/stm32f4xx_it.o"
arm-none-eabi-gcc "../Src/system_stm32f4xx.c" -mcpu=cortex-m4 -std=gnu11 -g3 -DUSE_HAL_DRIVER -DSTM32F446xx -DDEBUG -c -I../Inc -I../Drivers/CMSIS/Include -I../Drivers/STM32F4xx_HAL_Driver/Inc -I../Drivers/CMSIS/Device/ST/STM32F4xx/Include -I../Drivers/STM32F4xx_HAL_Driver/Inc/Legacy -O0 -ffunction-sections -fdata-sections -Wall -fstack-usage -MMD -MP -MF"Src/system_stm32f4xx.d" -MT"Src/system_stm32f4xx.o" --specs=nano.specs -mfpu=fpv4-sp-d16 -mfloat-abi=hard -mthumb -o "Src/system_stm32f4xx.o"
arm-none-eabi-gcc "../Drivers/myADC/src/adc.c" -mcpu=cortex-m4 -std=gnu11 -g3 -DUSE_HAL_DRIVER -DSTM32F446xx -DDEBUG -c -I../Inc -I../Drivers/CMSIS/Include -I../Drivers/STM32F4xx_HAL_Driver/Inc -I../Drivers/CMSIS/Device/ST/STM32F4xx/Include -I../Drivers/STM32F4xx_HAL_Driver/Inc/Legacy -O0 -ffunction-sections -fdata-sections -Wall -fstack-usage -MMD -MP -MF"Drivers/myADC/src/adc.d" -MT"Drivers/myADC/src/adc.o" --specs=nano.specs -mfpu=fpv4-sp-d16 -mfloat-abi=hard -mthumb -o "Drivers/myADC/src/adc.o"
arm-none-eabi-gcc "../Drivers/STM32F4xx_HAL_Driver/Src/stm32f4xx_hal.c" -mcpu=cortex-m4 -std=gnu11 -g3 -DUSE_HAL_DRIVER -DSTM32F446xx -DDEBUG -c -I../Inc -I../Drivers/CMSIS/Include -I../Drivers/STM32F4xx_HAL_Driver/Inc -I../Drivers/CMSIS/Device/ST/STM32F4xx/Include -I../Drivers/STM32F4xx_HAL_Driver/Inc/Legacy -O0 -ffunction-sections -fdata-sections -Wall -fstack-usage -MMD -MP -MF"Drivers/STM32F4xx_HAL_Driver/Src/stm32f4xx_hal.d" -MT"Drivers/STM32F4xx_HAL_Driver/Src/stm32f4xx_hal.o" --specs=nano.specs -mfpu=fpv4-sp-d16 -mfloat-abi=hard -mthumb -o "Drivers/STM32F4xx_HAL_Driver/Src/stm32f4xx_hal.o"
arm-none-eabi-gcc "../Drivers/STM32F4xx_HAL_Driver/Src/stm32f4xx_hal_cortex.c" -mcpu=cortex-m4 -std=gnu11 -g3 -DUSE_HAL_DRIVER -DSTM32F446xx -DDEBUG -c -I../Inc -I../Drivers/CMSIS/Include -I../Drivers/STM32F4xx_HAL_Driver/Inc -I../Drivers/CMSIS/Device/ST/STM32F4xx/Include -I../Drivers/STM32F4xx_HAL_Driver/Inc/Legacy -O0 -ffunction-sections -fdata-sections -Wall -fstack-usage -MMD -MP -MF"Drivers/STM32F4xx_HAL_Driver/Src/stm32f4xx_hal_cortex.d" -MT"Drivers/STM32F4xx_HAL_Driver/Src/stm32f4xx_hal_cortex.o" --specs=nano.specs -mfpu=fpv4-sp-d16 -mfloat-abi=hard -mthumb -o "Drivers/STM32F4xx_HAL_Driver/Src/stm32f4xx_hal_cortex.o"
arm-none-eabi-gcc "../Drivers/STM32F4xx_HAL_Driver/Src/stm32f4xx_hal_dcmi.c" -mcpu=cortex-m4 -std=gnu11 -g3 -DUSE_HAL_DRIVER -DSTM32F446xx -DDEBUG -c -I../Inc -I../Drivers/CMSIS/Include -I../Drivers/STM32F4xx_HAL_Driver/Inc -I../Drivers/CMSIS/Device/ST/STM32F4xx/Include -I../Drivers/STM32F4xx_HAL_Driver/Inc/Legacy -O0 -ffunction-sections -fdata-sections -Wall -fstack-usage -MMD -MP -MF"Drivers/STM32F4xx_HAL_Driver/Src/stm32f4xx_hal_dcmi.d" -MT"Drivers/STM32F4xx_HAL_Driver/Src/stm32f4xx_hal_dcmi.o" --specs=nano.specs -mfpu=fpv4-sp-d16 -mfloat-abi=hard -mthumb -o "Drivers/STM32F4xx_HAL_Driver/Src/stm32f4xx_hal_dcmi.o"
../Src/main.c: In function 'main':
../Src/main.c:212:3: warning: implicit declaration of function 'ov7670_init' [-Wimplicit-function-declaration]
   ov7670_init(&hdcmi, &hdma_dcmi, &hi2c2);
   ^~~~~~~~~~~
../Src/main.c:214:3: warning: implicit declaration of function 'ov7670_config' [-Wimplicit-function-declaration]
   ov7670_config(0);
   ^~~~~~~~~~~~~
../Src/main.c:182:9: warning: variable 'measure' set but not used [-Wunused-but-set-variable]
   float measure;
         ^~~~~~~
arm-none-eabi-gcc "../Drivers/STM32F4xx_HAL_Driver/Src/stm32f4xx_hal_dcmi_ex.c" -mcpu=cortex-m4 -std=gnu11 -g3 -DUSE_HAL_DRIVER -DSTM32F446xx -DDEBUG -c -I../Inc -I../Drivers/CMSIS/Include -I../Drivers/STM32F4xx_HAL_Driver/Inc -I../Drivers/CMSIS/Device/ST/STM32F4xx/Include -I../Drivers/STM32F4xx_HAL_Driver/Inc/Legacy -O0 -ffunction-sections -fdata-sections -Wall -fstack-usage -MMD -MP -MF"Drivers/STM32F4xx_HAL_Driver/Src/stm32f4xx_hal_dcmi_ex.d" -MT"Drivers/STM32F4xx_HAL_Driver/Src/stm32f4xx_hal_dcmi_ex.o" --specs=nano.specs -mfpu=fpv4-sp-d16 -mfloat-abi=hard -mthumb -o "Drivers/STM32F4xx_HAL_Driver/Src/stm32f4xx_hal_dcmi_ex.o"
arm-none-eabi-gcc "../Drivers/STM32F4xx_HAL_Driver/Src/stm32f4xx_hal_dma.c" -mcpu=cortex-m4 -std=gnu11 -g3 -DUSE_HAL_DRIVER -DSTM32F446xx -DDEBUG -c -I../Inc -I../Drivers/CMSIS/Include -I../Drivers/STM32F4xx_HAL_Driver/Inc -I../Drivers/CMSIS/Device/ST/STM32F4xx/Include -I../Drivers/STM32F4xx_HAL_Driver/Inc/Legacy -O0 -ffunction-sections -fdata-sections -Wall -fstack-usage -MMD -MP -MF"Drivers/STM32F4xx_HAL_Driver/Src/stm32f4xx_hal_dma.d" -MT"Drivers/STM32F4xx_HAL_Driver/Src/stm32f4xx_hal_dma.o" --specs=nano.specs -mfpu=fpv4-sp-d16 -mfloat-abi=hard -mthumb -o "Drivers/STM32F4xx_HAL_Driver/Src/stm32f4xx_hal_dma.o"
arm-none-eabi-gcc "../Drivers/STM32F4xx_HAL_Driver/Src/stm32f4xx_hal_dma_ex.c" -mcpu=cortex-m4 -std=gnu11 -g3 -DUSE_HAL_DRIVER -DSTM32F446xx -DDEBUG -c -I../Inc -I../Drivers/CMSIS/Include -I../Drivers/STM32F4xx_HAL_Driver/Inc -I../Drivers/CMSIS/Device/ST/STM32F4xx/Include -I../Drivers/STM32F4xx_HAL_Driver/Inc/Legacy -O0 -ffunction-sections -fdata-sections -Wall -fstack-usage -MMD -MP -MF"Drivers/STM32F4xx_HAL_Driver/Src/stm32f4xx_hal_dma_ex.d" -MT"Drivers/STM32F4xx_HAL_Driver/Src/stm32f4xx_hal_dma_ex.o" --specs=nano.specs -mfpu=fpv4-sp-d16 -mfloat-abi=hard -mthumb -o "Drivers/STM32F4xx_HAL_Driver/Src/stm32f4xx_hal_dma_ex.o"
arm-none-eabi-gcc "../Drivers/STM32F4xx_HAL_Driver/Src/stm32f4xx_hal_exti.c" -mcpu=cortex-m4 -std=gnu11 -g3 -DUSE_HAL_DRIVER -DSTM32F446xx -DDEBUG -c -I../Inc -I../Drivers/CMSIS/Include -I../Drivers/STM32F4xx_HAL_Driver/Inc -I../Drivers/CMSIS/Device/ST/STM32F4xx/Include -I../Drivers/STM32F4xx_HAL_Driver/Inc/Legacy -O0 -ffunction-sections -fdata-sections -Wall -fstack-usage -MMD -MP -MF"Drivers/STM32F4xx_HAL_Driver/Src/stm32f4xx_hal_exti.d" -MT"Drivers/STM32F4xx_HAL_Driver/Src/stm32f4xx_hal_exti.o" --specs=nano.specs -mfpu=fpv4-sp-d16 -mfloat-abi=hard -mthumb -o "Drivers/STM32F4xx_HAL_Driver/Src/stm32f4xx_hal_exti.o"
arm-none-eabi-gcc "../Drivers/STM32F4xx_HAL_Driver/Src/stm32f4xx_hal_flash.c" -mcpu=cortex-m4 -std=gnu11 -g3 -DUSE_HAL_DRIVER -DSTM32F446xx -DDEBUG -c -I../Inc -I../Drivers/CMSIS/Include -I../Drivers/STM32F4xx_HAL_Driver/Inc -I../Drivers/CMSIS/Device/ST/STM32F4xx/Include -I../Drivers/STM32F4xx_HAL_Driver/Inc/Legacy -O0 -ffunction-sections -fdata-sections -Wall -fstack-usage -MMD -MP -MF"Drivers/STM32F4xx_HAL_Driver/Src/stm32f4xx_hal_flash.d" -MT"Drivers/STM32F4xx_HAL_Driver/Src/stm32f4xx_hal_flash.o" --specs=nano.specs -mfpu=fpv4-sp-d16 -mfloat-abi=hard -mthumb -o "Drivers/STM32F4xx_HAL_Driver/Src/stm32f4xx_hal_flash.o"
arm-none-eabi-gcc "../Drivers/STM32F4xx_HAL_Driver/Src/stm32f4xx_hal_flash_ex.c" -mcpu=cortex-m4 -std=gnu11 -g3 -DUSE_HAL_DRIVER -DSTM32F446xx -DDEBUG -c -I../Inc -I../Drivers/CMSIS/Include -I../Drivers/STM32F4xx_HAL_Driver/Inc -I../Drivers/CMSIS/Device/ST/STM32F4xx/Include -I../Drivers/STM32F4xx_HAL_Driver/Inc/Legacy -O0 -ffunction-sections -fdata-sections -Wall -fstack-usage -MMD -MP -MF"Drivers/STM32F4xx_HAL_Driver/Src/stm32f4xx_hal_flash_ex.d" -MT"Drivers/STM32F4xx_HAL_Driver/Src/stm32f4xx_hal_flash_ex.o" --specs=nano.specs -mfpu=fpv4-sp-d16 -mfloat-abi=hard -mthumb -o "Drivers/STM32F4xx_HAL_Driver/Src/stm32f4xx_hal_flash_ex.o"
arm-none-eabi-gcc "../Drivers/STM32F4xx_HAL_Driver/Src/stm32f4xx_hal_flash_ramfunc.c" -mcpu=cortex-m4 -std=gnu11 -g3 -DUSE_HAL_DRIVER -DSTM32F446xx -DDEBUG -c -I../Inc -I../Drivers/CMSIS/Include -I../Drivers/STM32F4xx_HAL_Driver/Inc -I../Drivers/CMSIS/Device/ST/STM32F4xx/Include -I../Drivers/STM32F4xx_HAL_Driver/Inc/Legacy -O0 -ffunction-sections -fdata-sections -Wall -fstack-usage -MMD -MP -MF"Drivers/STM32F4xx_HAL_Driver/Src/stm32f4xx_hal_flash_ramfunc.d" -MT"Drivers/STM32F4xx_HAL_Driver/Src/stm32f4xx_hal_flash_ramfunc.o" --specs=nano.specs -mfpu=fpv4-sp-d16 -mfloat-abi=hard -mthumb -o "Drivers/STM32F4xx_HAL_Driver/Src/stm32f4xx_hal_flash_ramfunc.o"
arm-none-eabi-gcc "../Drivers/STM32F4xx_HAL_Driver/Src/stm32f4xx_hal_gpio.c" -mcpu=cortex-m4 -std=gnu11 -g3 -DUSE_HAL_DRIVER -DSTM32F446xx -DDEBUG -c -I../Inc -I../Drivers/CMSIS/Include -I../Drivers/STM32F4xx_HAL_Driver/Inc -I../Drivers/CMSIS/Device/ST/STM32F4xx/Include -I../Drivers/STM32F4xx_HAL_Driver/Inc/Legacy -O0 -ffunction-sections -fdata-sections -Wall -fstack-usage -MMD -MP -MF"Drivers/STM32F4xx_HAL_Driver/Src/stm32f4xx_hal_gpio.d" -MT"Drivers/STM32F4xx_HAL_Driver/Src/stm32f4xx_hal_gpio.o" --specs=nano.specs -mfpu=fpv4-sp-d16 -mfloat-abi=hard -mthumb -o "Drivers/STM32F4xx_HAL_Driver/Src/stm32f4xx_hal_gpio.o"
arm-none-eabi-gcc "../Drivers/STM32F4xx_HAL_Driver/Src/stm32f4xx_hal_i2c.c" -mcpu=cortex-m4 -std=gnu11 -g3 -DUSE_HAL_DRIVER -DSTM32F446xx -DDEBUG -c -I../Inc -I../Drivers/CMSIS/Include -I../Drivers/STM32F4xx_HAL_Driver/Inc -I../Drivers/CMSIS/Device/ST/STM32F4xx/Include -I../Drivers/STM32F4xx_HAL_Driver/Inc/Legacy -O0 -ffunction-sections -fdata-sections -Wall -fstack-usage -MMD -MP -MF"Drivers/STM32F4xx_HAL_Driver/Src/stm32f4xx_hal_i2c.d" -MT"Drivers/STM32F4xx_HAL_Driver/Src/stm32f4xx_hal_i2c.o" --specs=nano.specs -mfpu=fpv4-sp-d16 -mfloat-abi=hard -mthumb -o "Drivers/STM32F4xx_HAL_Driver/Src/stm32f4xx_hal_i2c.o"
arm-none-eabi-gcc "../Drivers/STM32F4xx_HAL_Driver/Src/stm32f4xx_hal_i2c_ex.c" -mcpu=cortex-m4 -std=gnu11 -g3 -DUSE_HAL_DRIVER -DSTM32F446xx -DDEBUG -c -I../Inc -I../Drivers/CMSIS/Include -I../Drivers/STM32F4xx_HAL_Driver/Inc -I../Drivers/CMSIS/Device/ST/STM32F4xx/Include -I../Drivers/STM32F4xx_HAL_Driver/Inc/Legacy -O0 -ffunction-sections -fdata-sections -Wall -fstack-usage -MMD -MP -MF"Drivers/STM32F4xx_HAL_Driver/Src/stm32f4xx_hal_i2c_ex.d" -MT"Drivers/STM32F4xx_HAL_Driver/Src/stm32f4xx_hal_i2c_ex.o" --specs=nano.specs -mfpu=fpv4-sp-d16 -mfloat-abi=hard -mthumb -o "Drivers/STM32F4xx_HAL_Driver/Src/stm32f4xx_hal_i2c_ex.o"
arm-none-eabi-gcc "../Drivers/STM32F4xx_HAL_Driver/Src/stm32f4xx_hal_pwr.c" -mcpu=cortex-m4 -std=gnu11 -g3 -DUSE_HAL_DRIVER -DSTM32F446xx -DDEBUG -c -I../Inc -I../Drivers/CMSIS/Include -I../Drivers/STM32F4xx_HAL_Driver/Inc -I../Drivers/CMSIS/Device/ST/STM32F4xx/Include -I../Drivers/STM32F4xx_HAL_Driver/Inc/Legacy -O0 -ffunction-sections -fdata-sections -Wall -fstack-usage -MMD -MP -MF"Drivers/STM32F4xx_HAL_Driver/Src/stm32f4xx_hal_pwr.d" -MT"Drivers/STM32F4xx_HAL_Driver/Src/stm32f4xx_hal_pwr.o" --specs=nano.specs -mfpu=fpv4-sp-d16 -mfloat-abi=hard -mthumb -o "Drivers/STM32F4xx_HAL_Driver/Src/stm32f4xx_hal_pwr.o"
arm-none-eabi-gcc "../Drivers/STM32F4xx_HAL_Driver/Src/stm32f4xx_hal_pwr_ex.c" -mcpu=cortex-m4 -std=gnu11 -g3 -DUSE_HAL_DRIVER -DSTM32F446xx -DDEBUG -c -I../Inc -I../Drivers/CMSIS/Include -I../Drivers/STM32F4xx_HAL_Driver/Inc -I../Drivers/CMSIS/Device/ST/STM32F4xx/Include -I../Drivers/STM32F4xx_HAL_Driver/Inc/Legacy -O0 -ffunction-sections -fdata-sections -Wall -fstack-usage -MMD -MP -MF"Drivers/STM32F4xx_HAL_Driver/Src/stm32f4xx_hal_pwr_ex.d" -MT"Drivers/STM32F4xx_HAL_Driver/Src/stm32f4xx_hal_pwr_ex.o" --specs=nano.specs -mfpu=fpv4-sp-d16 -mfloat-abi=hard -mthumb -o "Drivers/STM32F4xx_HAL_Driver/Src/stm32f4xx_hal_pwr_ex.o"
arm-none-eabi-gcc "../Drivers/STM32F4xx_HAL_Driver/Src/stm32f4xx_hal_rcc.c" -mcpu=cortex-m4 -std=gnu11 -g3 -DUSE_HAL_DRIVER -DSTM32F446xx -DDEBUG -c -I../Inc -I../Drivers/CMSIS/Include -I../Drivers/STM32F4xx_HAL_Driver/Inc -I../Drivers/CMSIS/Device/ST/STM32F4xx/Include -I../Drivers/STM32F4xx_HAL_Driver/Inc/Legacy -O0 -ffunction-sections -fdata-sections -Wall -fstack-usage -MMD -MP -MF"Drivers/STM32F4xx_HAL_Driver/Src/stm32f4xx_hal_rcc.d" -MT"Drivers/STM32F4xx_HAL_Driver/Src/stm32f4xx_hal_rcc.o" --specs=nano.specs -mfpu=fpv4-sp-d16 -mfloat-abi=hard -mthumb -o "Drivers/STM32F4xx_HAL_Driver/Src/stm32f4xx_hal_rcc.o"
arm-none-eabi-gcc "../Drivers/STM32F4xx_HAL_Driver/Src/stm32f4xx_hal_rcc_ex.c" -mcpu=cortex-m4 -std=gnu11 -g3 -DUSE_HAL_DRIVER -DSTM32F446xx -DDEBUG -c -I../Inc -I../Drivers/CMSIS/Include -I../Drivers/STM32F4xx_HAL_Driver/Inc -I../Drivers/CMSIS/Device/ST/STM32F4xx/Include -I../Drivers/STM32F4xx_HAL_Driver/Inc/Legacy -O0 -ffunction-sections -fdata-sections -Wall -fstack-usage -MMD -MP -MF"Drivers/STM32F4xx_HAL_Driver/Src/stm32f4xx_hal_rcc_ex.d" -MT"Drivers/STM32F4xx_HAL_Driver/Src/stm32f4xx_hal_rcc_ex.o" --specs=nano.specs -mfpu=fpv4-sp-d16 -mfloat-abi=hard -mthumb -o "Drivers/STM32F4xx_HAL_Driver/Src/stm32f4xx_hal_rcc_ex.o"
arm-none-eabi-gcc "../Drivers/STM32F4xx_HAL_Driver/Src/stm32f4xx_hal_tim.c" -mcpu=cortex-m4 -std=gnu11 -g3 -DUSE_HAL_DRIVER -DSTM32F446xx -DDEBUG -c -I../Inc -I../Drivers/CMSIS/Include -I../Drivers/STM32F4xx_HAL_Driver/Inc -I../Drivers/CMSIS/Device/ST/STM32F4xx/Include -I../Drivers/STM32F4xx_HAL_Driver/Inc/Legacy -O0 -ffunction-sections -fdata-sections -Wall -fstack-usage -MMD -MP -MF"Drivers/STM32F4xx_HAL_Driver/Src/stm32f4xx_hal_tim.d" -MT"Drivers/STM32F4xx_HAL_Driver/Src/stm32f4xx_hal_tim.o" --specs=nano.specs -mfpu=fpv4-sp-d16 -mfloat-abi=hard -mthumb -o "Drivers/STM32F4xx_HAL_Driver/Src/stm32f4xx_hal_tim.o"
arm-none-eabi-gcc "../Drivers/STM32F4xx_HAL_Driver/Src/stm32f4xx_hal_tim_ex.c" -mcpu=cortex-m4 -std=gnu11 -g3 -DUSE_HAL_DRIVER -DSTM32F446xx -DDEBUG -c -I../Inc -I../Drivers/CMSIS/Include -I../Drivers/STM32F4xx_HAL_Driver/Inc -I../Drivers/CMSIS/Device/ST/STM32F4xx/Include -I../Drivers/STM32F4xx_HAL_Driver/Inc/Legacy -O0 -ffunction-sections -fdata-sections -Wall -fstack-usage -MMD -MP -MF"Drivers/STM32F4xx_HAL_Driver/Src/stm32f4xx_hal_tim_ex.d" -MT"Drivers/STM32F4xx_HAL_Driver/Src/stm32f4xx_hal_tim_ex.o" --specs=nano.specs -mfpu=fpv4-sp-d16 -mfloat-abi=hard -mthumb -o "Drivers/STM32F4xx_HAL_Driver/Src/stm32f4xx_hal_tim_ex.o"
arm-none-eabi-gcc "../Drivers/OV7670/src/ov7670.c" -mcpu=cortex-m4 -std=gnu11 -g3 -DUSE_HAL_DRIVER -DSTM32F446xx -DDEBUG -c -I../Inc -I../Drivers/CMSIS/Include -I../Drivers/STM32F4xx_HAL_Driver/Inc -I../Drivers/CMSIS/Device/ST/STM32F4xx/Include -I../Drivers/STM32F4xx_HAL_Driver/Inc/Legacy -O0 -ffunction-sections -fdata-sections -Wall -fstack-usage -MMD -MP -MF"Drivers/OV7670/src/ov7670.d" -MT"Drivers/OV7670/src/ov7670.o" --specs=nano.specs -mfpu=fpv4-sp-d16 -mfloat-abi=hard -mthumb -o "Drivers/OV7670/src/ov7670.o"
../Drivers/OV7670/src/ov7670.c: In function 'HAL_DCMI_VsyncEventCallback':
../Drivers/OV7670/src/ov7670.c:103:18: warning: format '%d' expects argument of type 'int', but argument 2 has type 'uint32_t {aka long unsigned int}' [-Wformat=]
   printf("VSYNC %d\n", HAL_GetTick());
                 ~^     ~~~~~~~~~~~~~
                 %ld
../Drivers/OV7670/src/ov7670.c: In function 'ov7670_write':
../Drivers/OV7670/src/ov7670.c:116:10: warning: 'return' with a value, in function returning void
   return ret;
          ^~~
../Drivers/OV7670/src/ov7670.c:110:13: note: declared here
 static void ov7670_write(uint8_t regAddr, uint8_t data)
             ^~~~~~~~~~~~
../Drivers/OV7670/src/ov7670.c: In function 'ov7670_read':
../Drivers/OV7670/src/ov7670.c:126:10: warning: 'return' with a value, in function returning void
   return ret;
          ^~~
../Drivers/OV7670/src/ov7670.c:119:13: note: declared here
 static void ov7670_read(uint8_t regAddr, uint8_t *data)
             ^~~~~~~~~~~
arm-none-eabi-gcc -o "MCU_Firmware.elf" @"objects.list"   -mcpu=cortex-m4 -T"C:\Users\Alessandro\Desktop\STM32Workspace\ElectronicsForEmbeddedSystems\MCU_Firmware\STM32F446ZETX_FLASH.ld" --specs=nosys.specs -Wl,-Map="MCU_Firmware.map" -Wl,--gc-sections -static --specs=nano.specs -mfpu=fpv4-sp-d16 -mfloat-abi=hard -mthumb -Wl,--start-group -lc -lm -Wl,--end-group
Finished building target: MCU_Firmware.elf
 
arm-none-eabi-objdump -h -S  MCU_Firmware.elf  > "MCU_Firmware.list"
arm-none-eabi-size   MCU_Firmware.elf 
   text	   data	    bss	    dec	    hex	filename
  21756	    164	   2220	  24140	   5e4c	MCU_Firmware.elf
Finished building: default.size.stdout
 
Finished building: MCU_Firmware.list
 
17:48:55 **** Incremental Build of configuration Debug for project MCU_Firmware ****
make -j8 all 
arm-none-eabi-gcc "../Drivers/STM32F4xx_HAL_Driver/Src/stm32f4xx_hal_i2c.c" -mcpu=cortex-m4 -std=gnu11 -g3 -DUSE_HAL_DRIVER -DSTM32F446xx -DDEBUG -c -I../Inc -I../Drivers/CMSIS/Include -I../Drivers/STM32F4xx_HAL_Driver/Inc -I../Drivers/CMSIS/Device/ST/STM32F4xx/Include -I../Drivers/STM32F4xx_HAL_Driver/Inc/Legacy -O0 -ffunction-sections -fdata-sections -Wall -fstack-usage -MMD -MP -MF"Drivers/STM32F4xx_HAL_Driver/Src/stm32f4xx_hal_i2c.d" -MT"Drivers/STM32F4xx_HAL_Driver/Src/stm32f4xx_hal_i2c.o" --specs=nano.specs -mfpu=fpv4-sp-d16 -mfloat-abi=hard -mthumb -o "Drivers/STM32F4xx_HAL_Driver/Src/stm32f4xx_hal_i2c.o"
arm-none-eabi-gcc -o "MCU_Firmware.elf" @"objects.list"   -mcpu=cortex-m4 -T"C:\Users\Alessandro\Desktop\STM32Workspace\ElectronicsForEmbeddedSystems\MCU_Firmware\STM32F446ZETX_FLASH.ld" --specs=nosys.specs -Wl,-Map="MCU_Firmware.map" -Wl,--gc-sections -static --specs=nano.specs -mfpu=fpv4-sp-d16 -mfloat-abi=hard -mthumb -Wl,--start-group -lc -lm -Wl,--end-group
Finished building target: MCU_Firmware.elf
 
arm-none-eabi-objdump -h -S  MCU_Firmware.elf  > "MCU_Firmware.list"
arm-none-eabi-size   MCU_Firmware.elf 
   text	   data	    bss	    dec	    hex	filename
  21740	    164	   2220	  24124	   5e3c	MCU_Firmware.elf
Finished building: default.size.stdout
 
Finished building: MCU_Firmware.list
 
